Archive member included to satisfy reference by file (symbol)

/Users/macncheese/.pico-sdk/toolchain/14_2_Rel1/bin/../lib/gcc/arm-none-eabi/14.2.1/thumb/v6-m/nofp/libgcc.a(_dvmd_tls.o)
                              CMakeFiles/lab01.dir/Users/macncheese/.pico-sdk/sdk/2.1.1/src/rp2_common/pico_divider/divider_hardware.S.o (__aeabi_idiv0)
/Users/macncheese/.pico-sdk/toolchain/14_2_Rel1/bin/../lib/gcc/arm-none-eabi/14.2.1/../../../../arm-none-eabi/lib/thumb/v6-m/nofp/libg.a(libc_a-calloc.o)
                              CMakeFiles/lab01.dir/Users/macncheese/.pico-sdk/sdk/2.1.1/src/rp2_common/pico_malloc/malloc.c.o (calloc)
/Users/macncheese/.pico-sdk/toolchain/14_2_Rel1/bin/../lib/gcc/arm-none-eabi/14.2.1/../../../../arm-none-eabi/lib/thumb/v6-m/nofp/libg.a(libc_a-callocr.o)
                              /Users/macncheese/.pico-sdk/toolchain/14_2_Rel1/bin/../lib/gcc/arm-none-eabi/14.2.1/../../../../arm-none-eabi/lib/thumb/v6-m/nofp/libg.a(libc_a-calloc.o) (_calloc_r)
/Users/macncheese/.pico-sdk/toolchain/14_2_Rel1/bin/../lib/gcc/arm-none-eabi/14.2.1/../../../../arm-none-eabi/lib/thumb/v6-m/nofp/libg.a(libc_a-malloc.o)
                              CMakeFiles/lab01.dir/Users/macncheese/.pico-sdk/sdk/2.1.1/src/rp2_common/pico_malloc/malloc.c.o (malloc)
/Users/macncheese/.pico-sdk/toolchain/14_2_Rel1/bin/../lib/gcc/arm-none-eabi/14.2.1/../../../../arm-none-eabi/lib/thumb/v6-m/nofp/libg.a(libc_a-mallocr.o)
                              /Users/macncheese/.pico-sdk/toolchain/14_2_Rel1/bin/../lib/gcc/arm-none-eabi/14.2.1/../../../../arm-none-eabi/lib/thumb/v6-m/nofp/libg.a(libc_a-callocr.o) (_malloc_r)
/Users/macncheese/.pico-sdk/toolchain/14_2_Rel1/bin/../lib/gcc/arm-none-eabi/14.2.1/../../../../arm-none-eabi/lib/thumb/v6-m/nofp/libg.a(libc_a-mlock.o)
                              /Users/macncheese/.pico-sdk/toolchain/14_2_Rel1/bin/../lib/gcc/arm-none-eabi/14.2.1/../../../../arm-none-eabi/lib/thumb/v6-m/nofp/libg.a(libc_a-mallocr.o) (__malloc_lock)
/Users/macncheese/.pico-sdk/toolchain/14_2_Rel1/bin/../lib/gcc/arm-none-eabi/14.2.1/../../../../arm-none-eabi/lib/thumb/v6-m/nofp/libg.a(libc_a-realloc.o)
                              CMakeFiles/lab01.dir/Users/macncheese/.pico-sdk/sdk/2.1.1/src/rp2_common/pico_malloc/malloc.c.o (realloc)
/Users/macncheese/.pico-sdk/toolchain/14_2_Rel1/bin/../lib/gcc/arm-none-eabi/14.2.1/../../../../arm-none-eabi/lib/thumb/v6-m/nofp/libg.a(libc_a-reallocr.o)
                              /Users/macncheese/.pico-sdk/toolchain/14_2_Rel1/bin/../lib/gcc/arm-none-eabi/14.2.1/../../../../arm-none-eabi/lib/thumb/v6-m/nofp/libg.a(libc_a-realloc.o) (_realloc_r)
/Users/macncheese/.pico-sdk/toolchain/14_2_Rel1/bin/../lib/gcc/arm-none-eabi/14.2.1/../../../../arm-none-eabi/lib/thumb/v6-m/nofp/libg.a(libc_a-memcmp.o)
                              CMakeFiles/lab01.dir/Users/macncheese/.pico-sdk/sdk/2.1.1/src/rp2_common/pico_atomic/atomic.c.o (memcmp)
/Users/macncheese/.pico-sdk/toolchain/14_2_Rel1/bin/../lib/gcc/arm-none-eabi/14.2.1/../../../../arm-none-eabi/lib/thumb/v6-m/nofp/libg.a(libc_a-memmove.o)
                              /Users/macncheese/.pico-sdk/toolchain/14_2_Rel1/bin/../lib/gcc/arm-none-eabi/14.2.1/../../../../arm-none-eabi/lib/thumb/v6-m/nofp/libg.a(libc_a-reallocr.o) (memmove)
/Users/macncheese/.pico-sdk/toolchain/14_2_Rel1/bin/../lib/gcc/arm-none-eabi/14.2.1/../../../../arm-none-eabi/lib/thumb/v6-m/nofp/libg.a(libc_a-lcltime_r.o)
                              CMakeFiles/lab01.dir/Users/macncheese/.pico-sdk/sdk/2.1.1/src/common/pico_util/datetime.c.o (localtime_r)
/Users/macncheese/.pico-sdk/toolchain/14_2_Rel1/bin/../lib/gcc/arm-none-eabi/14.2.1/../../../../arm-none-eabi/lib/thumb/v6-m/nofp/libg.a(libc_a-mktime.o)
                              CMakeFiles/lab01.dir/Users/macncheese/.pico-sdk/sdk/2.1.1/src/common/pico_util/datetime.c.o (mktime)
/Users/macncheese/.pico-sdk/toolchain/14_2_Rel1/bin/../lib/gcc/arm-none-eabi/14.2.1/../../../../arm-none-eabi/lib/thumb/v6-m/nofp/libg.a(libc_a-month_lengths.o)
                              /Users/macncheese/.pico-sdk/toolchain/14_2_Rel1/bin/../lib/gcc/arm-none-eabi/14.2.1/../../../../arm-none-eabi/lib/thumb/v6-m/nofp/libg.a(libc_a-lcltime_r.o) (__month_lengths)
/Users/macncheese/.pico-sdk/toolchain/14_2_Rel1/bin/../lib/gcc/arm-none-eabi/14.2.1/../../../../arm-none-eabi/lib/thumb/v6-m/nofp/libg.a(libc_a-tzcalc_limits.o)
                              /Users/macncheese/.pico-sdk/toolchain/14_2_Rel1/bin/../lib/gcc/arm-none-eabi/14.2.1/../../../../arm-none-eabi/lib/thumb/v6-m/nofp/libg.a(libc_a-lcltime_r.o) (__tzcalc_limits)
/Users/macncheese/.pico-sdk/toolchain/14_2_Rel1/bin/../lib/gcc/arm-none-eabi/14.2.1/../../../../arm-none-eabi/lib/thumb/v6-m/nofp/libg.a(libc_a-tzlock.o)
                              /Users/macncheese/.pico-sdk/toolchain/14_2_Rel1/bin/../lib/gcc/arm-none-eabi/14.2.1/../../../../arm-none-eabi/lib/thumb/v6-m/nofp/libg.a(libc_a-lcltime_r.o) (__tz_lock)
[...]
Memory Configuration

Name             Origin             Length             Attributes
FLASH            0x10000000         0x00200000         xr
RAM              0x20000000         0x00040000         xrw
SCRATCH_X        0x20040000         0x00001000         xrw
SCRATCH_Y        0x20041000         0x00001000         xrw
*default*        0x00000000         0xffffffff

Linker script and memory map

LOAD /Users/macncheese/.pico-sdk/toolchain/14_2_Rel1/bin/../lib/gcc/arm-none-eabi/14.2.1/thumb/v6-m/nofp/crti.o
LOAD /Users/macncheese/.pico-sdk/toolchain/14_2_Rel1/bin/../lib/gcc/arm-none-eabi/14.2.1/thumb/v6-m/nofp/crtbegin.o
LOAD /Users/macncheese/.pico-sdk/toolchain/14_2_Rel1/bin/../lib/gcc/arm-none-eabi/14.2.1/../../../../arm-none-eabi/lib/thumb/v6-m/nofp/crt0.o

.flash_begin    0x10000000        0x0
                0x10000000                        __flash_binary_start = .

.boot2          0x10000000      0x100
                0x10000000                        __boot2_start__ = .
 *(.boot2)
 .boot2         0x10000000      0x100 ../../pico-sdk/src/rp2040/boot_stage2/CMakeFiles/bs2_default_library.dir/bs2_default_padded_checksummed.S.o
                0x10000100                        __boot2_end__ = .
                0x00000001                        ASSERT (((__boot2_end__ - __boot2_start__) == 0x100), ERROR: Pico second stage bootloader must be 256 bytes in size)

.text           0x10000100     0x3570
                0x10000100                        __logical_binary_start = .
 *(.vectors)
 .vectors       0x10000100       0xd4 CMakeFiles/lab01.dir/Users/macncheese/.pico-sdk/sdk/2.1.1/src/rp2_common/pico_crt0/crt0.S.o
                0x10000100                __VECTOR_TABLE
                0x10000100                __vectors
                0x100001c0                __default_isrs_start
                0x100001c0                isr_invalid
                0x100001c2                isr_nmi
                0x100001c4                isr_hardfault
                0x100001c6                isr_svcall
                0x100001c8                isr_pendsv
                0x100001ca                isr_systick
                0x100001cc                isr_irq28
                0x100001cc                isr_irq19
                0x100001cc                isr_irq0
                0x100001cc                isr_irq6
                0x100001cc                isr_irq22
                0x100001cc                isr_irq17
                0x100001cc                isr_irq14
                0x100001cc                isr_irq2
                0x100001cc                isr_irq10
                0x100001cc                isr_irq8
                0x100001cc                isr_irq24
                0x100001cc                isr_irq1
                0x100001cc                isr_irq7
                0x100001cc                isr_irq21
                0x100001cc                isr_irq20
                0x100001cc                isr_irq15
                0x100001cc                isr_irq25
                0x100001cc                isr_irq4
                0x100001cc                isr_irq16
                0x100001cc                isr_irq29
                0x100001cc                isr_irq26
                0x100001cc                __default_isrs_end
                0x100001cc                isr_irq3
                0x100001cc                isr_irq9
                0x100001cc                __unhandled_user_irq
                0x100001cc                isr_irq13
                0x100001cc                isr_irq27
                0x100001cc                isr_irq31
                0x100001cc                isr_irq5
                0x100001cc                isr_irq11
                0x100001cc                isr_irq23
                0x100001cc                isr_irq18
                0x100001cc                isr_irq30
                0x100001cc                isr_irq12
                0x100001d2                unhandled_user_irq_num_in_r0
 *(.binary_info_header)
 .binary_info_header
                0x100001d4       0x14 CMakeFiles/lab01.dir/Users/macncheese/.pico-sdk/sdk/2.1.1/src/rp2_common/pico_crt0/crt0.S.o
                0x100001e8                        __binary_info_header_end = .
 *(.embedded_block)
                0x100001e8                        __embedded_block_end = .
 *(.reset)
 .reset         0x100001e8       0x9c CMakeFiles/lab01.dir/Users/macncheese/.pico-sdk/sdk/2.1.1/src/rp2_common/pico_crt0/crt0.S.o
                0x100001e8                _entry_point
 *(.init)
 .init          0x10000284        0x4 /Users/macncheese/.pico-sdk/toolchain/14_2_Rel1/bin/../lib/gcc/arm-none-eabi/14.2.1/thumb/v6-m/nofp/crti.o
                0x10000284                _init
 *(EXCLUDE_FILE(*libm.a: *libc.a:*lib_a-mem*.o *libgcc.a:) .text*)
 .text.register_tm_clones
                0x10000288       0x28 /Users/macncheese/.pico-sdk/toolchain/14_2_Rel1/bin/../lib/gcc/arm-none-eabi/14.2.1/thumb/v6-m/nofp/crtbegin.o
 .text.frame_dummy
                0x100002b0       0x24 /Users/macncheese/.pico-sdk/toolchain/14_2_Rel1/bin/../lib/gcc/arm-none-eabi/14.2.1/thumb/v6-m/nofp/crtbegin.o
 .text.toggle_led
                0x100002d4       0x1e CMakeFiles/lab01.dir/lab01.c.o
                0x100002d4                toggle_led
 .text.main     0x100002f2       0x1c CMakeFiles/lab01.dir/lab01.c.o
                0x100002f2                main
 *fill*         0x1000030e        0x2 
 .text.gpio_set_function
                0x10000310       0x34 CMakeFiles/lab01.dir/Users/macncheese/.pico-sdk/sdk/2.1.1/src/rp2_common/hardware_gpio/gpio.c.o
                0x10000310                gpio_set_function
 .text.gpio_init
                0x10000344       0x16 CMakeFiles/lab01.dir/Users/macncheese/.pico-sdk/sdk/2.1.1/src/rp2_common/hardware_gpio/gpio.c.o
                0x10000344                gpio_init
 *fill*         0x1000035a        0x2 
 .text.panic    0x1000035c       0x30 CMakeFiles/lab01.dir/Users/macncheese/.pico-sdk/sdk/2.1.1/src/rp2_common/pico_platform_panic/panic.c.o
                0x1000035c                panic
 .text.hw_claim_lock
                0x1000038c       0x18 CMakeFiles/lab01.dir/Users/macncheese/.pico-sdk/sdk/2.1.1/src/common/hardware_claim/claim.c.o
                0x1000038c                hw_claim_lock
 .text.hw_claim_unlock
                0x100003a4       0x14 CMakeFiles/lab01.dir/Users/macncheese/.pico-sdk/sdk/2.1.1/src/common/hardware_claim/claim.c.o
                0x100003a4                hw_claim_unlock
 .text.hw_claim_or_assert
                0x100003b8       0x32 CMakeFiles/lab01.dir/Users/macncheese/.pico-sdk/sdk/2.1.1/src/common/hardware_claim/claim.c.o
                0x100003b8                hw_claim_or_assert
 *fill*         0x100003ea        0x2 
 .text.next_striped_spin_lock_num
                0x100003ec       0x1c CMakeFiles/lab01.dir/Users/macncheese/.pico-sdk/sdk/2.1.1/src/rp2_common/hardware_sync/sync.c.o
                0x100003ec                next_striped_spin_lock_num
 .text.spin_locks_reset
                0x10000408       0x20 CMakeFiles/lab01.dir/Users/macncheese/.pico-sdk/sdk/2.1.1/src/rp2_common/hardware_sync_spin_lock/sync_spin_lock.c.o
                0x10000408                spin_locks_reset
 .text.set_raw_irq_handler_and_unlock
                0x10000428       0x28 CMakeFiles/lab01.dir/Users/macncheese/.pico-sdk/sdk/2.1.1/src/rp2_common/hardware_irq/irq.c.o
 .text.nvic_ipr0
                0x10000450        0x8 CMakeFiles/lab01.dir/Users/macncheese/.pico-sdk/sdk/2.1.1/src/rp2_common/hardware_irq/irq.c.o
 .text.runtime_init_per_core_irq_priorities
                0x10000458       0x1c CMakeFiles/lab01.dir/Users/macncheese/.pico-sdk/sdk/2.1.1/src/rp2_common/hardware_irq/irq.c.o
                0x10000458                runtime_init_per_core_irq_priorities
 .text.irq_set_mask_n_enabled
                0x10000474       0x1c CMakeFiles/lab01.dir/Users/macncheese/.pico-sdk/sdk/2.1.1/src/rp2_common/hardware_irq/irq.c.o
                0x10000474                irq_set_mask_n_enabled
 .text.irq_set_enabled
                0x10000490       0x14 CMakeFiles/lab01.dir/Users/macncheese/.pico-sdk/sdk/2.1.1/src/rp2_common/hardware_irq/irq.c.o
                0x10000490                irq_set_enabled
 .text.irq_get_vtable_handler
                0x100004a4       0x10 CMakeFiles/lab01.dir/Users/macncheese/.pico-sdk/sdk/2.1.1/src/rp2_common/hardware_irq/irq.c.o
                0x100004a4                irq_get_vtable_handler
 .text.irq_set_exclusive_handler
                0x100004b4       0x54 CMakeFiles/lab01.dir/Users/macncheese/.pico-sdk/sdk/2.1.1/src/rp2_common/hardware_irq/irq.c.o
                0x100004b4                irq_set_exclusive_handler
 .text.lock_init
                0x10000508       0x10 CMakeFiles/lab01.dir/Users/macncheese/.pico-sdk/sdk/2.1.1/src/common/pico_sync/lock_core.c.o
                0x10000508                lock_init
 .text.mutex_init
                0x10000518       0x1a CMakeFiles/lab01.dir/Users/macncheese/.pico-sdk/sdk/2.1.1/src/common/pico_sync/mutex.c.o
                0x10000518                mutex_init
 .text.recursive_mutex_init
                0x10000532       0x1e CMakeFiles/lab01.dir/Users/macncheese/.pico-sdk/sdk/2.1.1/src/common/pico_sync/mutex.c.o
                0x10000532                recursive_mutex_init
 .text.runtime_init_mutex
                0x10000550       0x4c CMakeFiles/lab01.dir/Users/macncheese/.pico-sdk/sdk/2.1.1/src/common/pico_sync/mutex.c.o
                0x10000550                runtime_init_mutex
 .text.ta_set_timeout
                0x1000059c       0x24 CMakeFiles/lab01.dir/Users/macncheese/.pico-sdk/sdk/2.1.1/src/common/pico_time/time.c.o
 .text.make_alarm_id
                0x100005c0        0x6 CMakeFiles/lab01.dir/Users/macncheese/.pico-sdk/sdk/2.1.1/src/common/pico_time/time.c.o
 *fill*         0x100005c6        0x2 
 .text.sleep_until_callback
                0x100005c8       0x30 CMakeFiles/lab01.dir/Users/macncheese/.pico-sdk/sdk/2.1.1/src/common/pico_time/time.c.o
 .text.alarm_pool_irq_handler
                0x100005f8      0x2f0 CMakeFiles/lab01.dir/Users/macncheese/.pico-sdk/sdk/2.1.1/src/common/pico_time/time.c.o
 .text.ta_enable_irq_handler
                0x100008e8       0x2c CMakeFiles/lab01.dir/Users/macncheese/.pico-sdk/sdk/2.1.1/src/common/pico_time/time.c.o
 .text.alarm_pool_post_alloc_init
                0x10000914       0x78 CMakeFiles/lab01.dir/Users/macncheese/.pico-sdk/sdk/2.1.1/src/common/pico_time/time.c.o
 .text.alarm_pool_get_default
                0x1000098c       0x2c CMakeFiles/lab01.dir/Users/macncheese/.pico-sdk/sdk/2.1.1/src/common/pico_time/time.c.o
                0x1000098c                alarm_pool_get_default
 .text.alarm_pool_add_alarm_at_force_in_context
                0x100009b8       0xa4 CMakeFiles/lab01.dir/Users/macncheese/.pico-sdk/sdk/2.1.1/src/common/pico_time/time.c.o
                0x100009b8                alarm_pool_add_alarm_at_force_in_context
 .text.alarm_pool_add_alarm_at
                0x10000a5c       0x3c CMakeFiles/lab01.dir/Users/macncheese/.pico-sdk/sdk/2.1.1/src/common/pico_time/time.c.o
                0x10000a5c                alarm_pool_add_alarm_at
 .text.add_alarm_at
                0x10000a98       0x2e CMakeFiles/lab01.dir/Users/macncheese/.pico-sdk/sdk/2.1.1/src/common/pico_time/time.c.o
 *fill*         0x10000ac6        0x2 
 .text.alarm_pool_cancel_alarm
                0x10000ac8       0x78 CMakeFiles/lab01.dir/Users/macncheese/.pico-sdk/sdk/2.1.1/src/common/pico_time/time.c.o
                0x10000ac8                alarm_pool_cancel_alarm
 .text.cancel_alarm
                0x10000b40       0x10 CMakeFiles/lab01.dir/Users/macncheese/.pico-sdk/sdk/2.1.1/src/common/pico_time/time.c.o
 .text.sleep_until
                0x10000b50       0xb0 CMakeFiles/lab01.dir/Users/macncheese/.pico-sdk/sdk/2.1.1/src/common/pico_time/time.c.o
                0x10000b50                sleep_until
 .text.sleep_us
                0x10000c00       0x24 CMakeFiles/lab01.dir/Users/macncheese/.pico-sdk/sdk/2.1.1/src/common/pico_time/time.c.o
                0x10000c00                sleep_us
 .text.sleep_ms
                0x10000c24       0x14 CMakeFiles/lab01.dir/Users/macncheese/.pico-sdk/sdk/2.1.1/src/common/pico_time/time.c.o
                0x10000c24                sleep_ms
 .text.best_effort_wfe_or_timeout
                0x10000c38      0x11c CMakeFiles/lab01.dir/Users/macncheese/.pico-sdk/sdk/2.1.1/src/common/pico_time/time.c.o
                0x10000c38                best_effort_wfe_or_timeout
 .text.alarm_pool_get_default_timer
                0x10000d54        0x8 CMakeFiles/lab01.dir/Users/macncheese/.pico-sdk/sdk/2.1.1/src/common/pico_time/time.c.o
                0x10000d54                alarm_pool_get_default_timer
 .text.runtime_init_default_alarm_pool
                0x10000d5c       0x38 CMakeFiles/lab01.dir/Users/macncheese/.pico-sdk/sdk/2.1.1/src/common/pico_time/time.c.o
                0x10000d5c                runtime_init_default_alarm_pool
 .text.timer_hardware_alarm_claim
                0x10000d94       0x14 CMakeFiles/lab01.dir/Users/macncheese/.pico-sdk/sdk/2.1.1/src/rp2_common/hardware_timer/timer.c.o
                0x10000d94                timer_hardware_alarm_claim
 .text.timer_time_us_64
                0x10000da8       0x10 CMakeFiles/lab01.dir/Users/macncheese/.pico-sdk/sdk/2.1.1/src/rp2_common/hardware_timer/timer.c.o
                0x10000da8                timer_time_us_64
 .text.timer_busy_wait_until
                0x10000db8       0x1a CMakeFiles/lab01.dir/Users/macncheese/.pico-sdk/sdk/2.1.1/src/rp2_common/hardware_timer/timer.c.o
                0x10000db8                timer_busy_wait_until
 *fill*         0x10000dd2        0x2 
 .text.time_us_64
                0x10000dd4       0x10 CMakeFiles/lab01.dir/Users/macncheese/.pico-sdk/sdk/2.1.1/src/rp2_common/hardware_timer/timer.c.o
                0x10000dd4                time_us_64
 .text.busy_wait_until
                0x10000de4       0x14 CMakeFiles/lab01.dir/Users/macncheese/.pico-sdk/sdk/2.1.1/src/rp2_common/hardware_timer/timer.c.o
                0x10000de4                busy_wait_until
 .text.clock_configure_internal
                0x10000df8       0xc4 CMakeFiles/lab01.dir/Users/macncheese/.pico-sdk/sdk/2.1.1/src/rp2_common/hardware_clocks/clocks.c.o
 .text.clock_configure_int_divider
                0x10000ebc       0x28 CMakeFiles/lab01.dir/Users/macncheese/.pico-sdk/sdk/2.1.1/src/rp2_common/hardware_clocks/clocks.c.o
                0x10000ebc                clock_configure_int_divider
 .text.clock_configure_undivided
                0x10000ee4       0x12 CMakeFiles/lab01.dir/Users/macncheese/.pico-sdk/sdk/2.1.1/src/rp2_common/hardware_clocks/clocks.c.o
                0x10000ee4                clock_configure_undivided
 *fill*         0x10000ef6        0x2 
 .text.clock_get_hz
                0x10000ef8        0xc CMakeFiles/lab01.dir/Users/macncheese/.pico-sdk/sdk/2.1.1/src/rp2_common/hardware_clocks/clocks.c.o
                0x10000ef8                clock_get_hz
 .text.pll_init
                0x10000f04      0x124 CMakeFiles/lab01.dir/Users/macncheese/.pico-sdk/sdk/2.1.1/src/rp2_common/hardware_pll/pll.c.o
                0x10000f04                pll_init
 .text.tick_start
                0x10001028       0x10 CMakeFiles/lab01.dir/Users/macncheese/.pico-sdk/sdk/2.1.1/src/rp2_common/hardware_ticks/ticks.c.o
                0x10001028                tick_start
 .text.rom_func_lookup
                0x10001038       0x10 CMakeFiles/lab01.dir/Users/macncheese/.pico-sdk/sdk/2.1.1/src/rp2_common/pico_bootrom/bootrom.c.o
                0x10001038                rom_func_lookup
 .text.rom_data_lookup
                0x10001048       0x10 CMakeFiles/lab01.dir/Users/macncheese/.pico-sdk/sdk/2.1.1/src/rp2_common/pico_bootrom/bootrom.c.o
                0x10001048                rom_data_lookup
 .text.rom_funcs_lookup
                0x10001058       0x36 CMakeFiles/lab01.dir/Users/macncheese/.pico-sdk/sdk/2.1.1/src/rp2_common/pico_bootrom/bootrom.c.o
                0x10001058                rom_funcs_lookup
 *fill*         0x1000108e        0x2 
 .text.xosc_init
                0x10001090       0x2c CMakeFiles/lab01.dir/Users/macncheese/.pico-sdk/sdk/2.1.1/src/rp2_common/hardware_xosc/xosc.c.o
                0x10001090                xosc_init
 .text.runtime_run_initializers_from
                0x100010bc       0x18 CMakeFiles/lab01.dir/Users/macncheese/.pico-sdk/sdk/2.1.1/src/rp2_common/pico_runtime/runtime.c.o
 .text.first_per_core_initializer
                0x100010d4        0x2 CMakeFiles/lab01.dir/Users/macncheese/.pico-sdk/sdk/2.1.1/src/rp2_common/pico_runtime/runtime.c.o
 *fill*         0x100010d6        0x2 
 .text.runtime_run_initializers
                0x100010d8       0x10 CMakeFiles/lab01.dir/Users/macncheese/.pico-sdk/sdk/2.1.1/src/rp2_common/pico_runtime/runtime.c.o
                0x100010d8                runtime_run_initializers
 .text.runtime_init_early_resets
                0x100010e8       0x2c CMakeFiles/lab01.dir/Users/macncheese/.pico-sdk/sdk/2.1.1/src/rp2_common/pico_runtime_init/runtime_init.c.o
                0x100010e8                runtime_init_early_resets
 .text.runtime_init_usb_power_down
                0x10001114       0x1c CMakeFiles/lab01.dir/Users/macncheese/.pico-sdk/sdk/2.1.1/src/rp2_common/pico_runtime_init/runtime_init.c.o
                0x10001114                runtime_init_usb_power_down
 .text.runtime_init_post_clock_resets
                0x10001130       0x20 CMakeFiles/lab01.dir/Users/macncheese/.pico-sdk/sdk/2.1.1/src/rp2_common/pico_runtime_init/runtime_init.c.o
                0x10001130                runtime_init_post_clock_resets
 .text.runtime_init_rp2040_gpio_ie_disable
                0x10001150       0x14 CMakeFiles/lab01.dir/Users/macncheese/.pico-sdk/sdk/2.1.1/src/rp2_common/pico_runtime_init/runtime_init.c.o
                0x10001150                runtime_init_rp2040_gpio_ie_disable
 .text.runtime_init_spin_locks_reset
                0x10001164        0x8 CMakeFiles/lab01.dir/Users/macncheese/.pico-sdk/sdk/2.1.1/src/rp2_common/pico_runtime_init/runtime_init.c.o
                0x10001164                runtime_init_spin_locks_reset
 .text.runtime_init_install_ram_vector_table
                0x1000116c       0x1c CMakeFiles/lab01.dir/Users/macncheese/.pico-sdk/sdk/2.1.1/src/rp2_common/pico_runtime_init/runtime_init.c.o
                0x1000116c                runtime_init_install_ram_vector_table
 .text.start_all_ticks
                0x10001188       0x28 CMakeFiles/lab01.dir/Users/macncheese/.pico-sdk/sdk/2.1.1/src/rp2_common/pico_runtime_init/runtime_init_clocks.c.o
 .text.runtime_init_clocks
                0x100011b0       0xcc CMakeFiles/lab01.dir/Users/macncheese/.pico-sdk/sdk/2.1.1/src/rp2_common/pico_runtime_init/runtime_init_clocks.c.o
                0x100011b0                runtime_init_clocks
 .text          0x1000127c       0x10 CMakeFiles/lab01.dir/Users/macncheese/.pico-sdk/sdk/2.1.1/src/rp2_common/pico_bit_ops/bit_ops_aeabi.S.o
 .text.__wrap___aeabi_idiv
                0x1000128c       0x50 CMakeFiles/lab01.dir/Users/macncheese/.pico-sdk/sdk/2.1.1/src/rp2_common/pico_divider/divider_hardware.S.o
                0x1000128c                __wrap___aeabi_idivmod
                0x1000128c                divmod_s32s32
                0x1000128c                div_s32s32
                0x1000128c                __wrap___aeabi_idiv
                0x10001294                divmod_s32s32_unsafe
                0x100012c0                divmod_s32s32_savestate
 .text.__wrap___aeabi_uidiv
                0x100012dc       0x4c CMakeFiles/lab01.dir/Users/macncheese/.pico-sdk/sdk/2.1.1/src/rp2_common/pico_divider/divider_hardware.S.o
                0x100012dc                __wrap___aeabi_uidiv
                0x100012dc                __wrap___aeabi_uidivmod
                0x100012dc                div_u32u32
                0x100012dc                divmod_u32u32
                0x100012e4                divmod_u32u32_unsafe
                0x1000130c                divmod_u32u32_savestate
 .text.__wrap___aeabi_ldiv
                0x10001328      0x424 CMakeFiles/lab01.dir/Users/macncheese/.pico-sdk/sdk/2.1.1/src/rp2_common/pico_divider/divider_hardware.S.o
                0x10001328                __wrap___aeabi_ldivmod
                0x10001328                div_s64s64
                0x10001328                divmod_s64s64
                0x10001358                divmod_u64u64
                0x10001358                div_u64u64
                0x10001358                __wrap___aeabi_uldivmod
                0x10001368                divmod_u64u64_savestate
                0x10001388                divmod_s64s64_unsafe
                0x10001410                divmod_u64u64_unsafe
 .text.__wrap___aeabi_darithmetic
                0x1000174c       0x80 CMakeFiles/lab01.dir/Users/macncheese/.pico-sdk/sdk/2.1.1/src/rp2_common/pico_double/double_aeabi_rp2040.S.o
                0x1000174c                __wrap___aeabi_drsub
                0x10001752                __wrap___aeabi_dsub
                0x10001764                __wrap___aeabi_dadd
                0x10001776                __wrap___aeabi_ddiv
                0x100017b2                __wrap___aeabi_dmul
 .text.__wrap___aeabi_cdcmple
                0x100017cc       0x6c CMakeFiles/lab01.dir/Users/macncheese/.pico-sdk/sdk/2.1.1/src/rp2_common/pico_double/double_aeabi_rp2040.S.o
                0x100017cc                __wrap___aeabi_cdrcmple
                0x100017dc                __wrap___aeabi_cdcmple
                0x100017dc                __wrap___aeabi_cdcmpeq
 .text.__wrap___aeabi_dcmplt
                0x10001838        0xc CMakeFiles/lab01.dir/Users/macncheese/.pico-sdk/sdk/2.1.1/src/rp2_common/pico_double/double_aeabi_rp2040.S.o
                0x10001838                __wrap___aeabi_dcmplt
 .text.__wrap___aeabi_dcmple
                0x10001844       0x10 CMakeFiles/lab01.dir/Users/macncheese/.pico-sdk/sdk/2.1.1/src/rp2_common/pico_double/double_aeabi_rp2040.S.o
                0x10001844                __wrap___aeabi_dcmple
 .text.__wrap___aeabi_dcmpge
                0x10001854       0x10 CMakeFiles/lab01.dir/Users/macncheese/.pico-sdk/sdk/2.1.1/src/rp2_common/pico_double/double_aeabi_rp2040.S.o
                0x10001854                __wrap___aeabi_dcmpge
 .text.__wrap___aeabi_dcmpgt
                0x10001864        0xa CMakeFiles/lab01.dir/Users/macncheese/.pico-sdk/sdk/2.1.1/src/rp2_common/pico_double/double_aeabi_rp2040.S.o
                0x10001864                __wrap___aeabi_dcmpgt
 .text.__wrap___aeabi_dcmpun
                0x1000186e       0x18 CMakeFiles/lab01.dir/Users/macncheese/.pico-sdk/sdk/2.1.1/src/rp2_common/pico_double/double_aeabi_rp2040.S.o
                0x1000186e                __wrap___aeabi_dcmpun
 *fill*         0x10001886        0x2 
 .text.__wrap___aeabi_i2d
                0x10001888       0x38 CMakeFiles/lab01.dir/Users/macncheese/.pico-sdk/sdk/2.1.1/src/rp2_common/pico_double/double_aeabi_rp2040.S.o
                0x10001888                __wrap___aeabi_ui2d
                0x10001888                uint2double
                0x10001890                __wrap___aeabi_i2d
                0x10001890                int2double
 .text.__wrap___aeabi_d2iz
                0x100018c0       0x48 CMakeFiles/lab01.dir/Users/macncheese/.pico-sdk/sdk/2.1.1/src/rp2_common/pico_double/double_aeabi_rp2040.S.o
                0x100018c0                __wrap___aeabi_d2iz
                0x100018c0                double2int_z
 .text.__wrap___aeabi_d2uiz
                0x10001908       0x18 CMakeFiles/lab01.dir/Users/macncheese/.pico-sdk/sdk/2.1.1/src/rp2_common/pico_double/double_aeabi_rp2040.S.o
                0x10001908                double2uint_z
                0x10001908                double2uint
                0x10001908                __wrap___aeabi_d2uiz
 .text.__aeabi_double_init
                0x10001920       0xcc CMakeFiles/lab01.dir/Users/macncheese/.pico-sdk/sdk/2.1.1/src/rp2_common/pico_double/double_init_rom_rp2040.c.o
                0x10001920                __aeabi_double_init
 .text.double_table_shim_on_use_helper
                0x100019ec       0x34 CMakeFiles/lab01.dir/Users/macncheese/.pico-sdk/sdk/2.1.1/src/rp2_common/pico_double/double_v1_rom_shim_rp2040.S.o
                0x100019ec                double_table_shim_on_use_helper
 .text.__wrap___aeabi_dsub
                0x10001a20       0x10 CMakeFiles/lab01.dir/Users/macncheese/.pico-sdk/sdk/2.1.1/src/rp2_common/pico_double/double_v1_rom_shim_rp2040.S.o
                0x10001a20                drsub_shim
                0x10001a26                dsub_shim
 .text.dadd_shim
                0x10001a30      0x15c CMakeFiles/lab01.dir/Users/macncheese/.pico-sdk/sdk/2.1.1/src/rp2_common/pico_double/double_v1_rom_shim_rp2040.S.o
                0x10001a30                dadd_shim
 .text.dmul_shim
                0x10001b8c      0x15c CMakeFiles/lab01.dir/Users/macncheese/.pico-sdk/sdk/2.1.1/src/rp2_common/pico_double/double_v1_rom_shim_rp2040.S.o
                0x10001b8c                dmul_shim
 .text.ddiv_shim
                0x10001ce8      0x1b0 CMakeFiles/lab01.dir/Users/macncheese/.pico-sdk/sdk/2.1.1/src/rp2_common/pico_double/double_v1_rom_shim_rp2040.S.o
                0x10001ce8                ddiv_shim
 .text.double2uint_shim
                0x10001e98        0xe CMakeFiles/lab01.dir/Users/macncheese/.pico-sdk/sdk/2.1.1/src/rp2_common/pico_double/double_v1_rom_shim_rp2040.S.o
                0x10001e98                double2uint_shim
                0x10001e9a                double2ufix_shim
 *fill*         0x10001ea6        0x2 
 .text.double2uint64_shim
                0x10001ea8       0x70 CMakeFiles/lab01.dir/Users/macncheese/.pico-sdk/sdk/2.1.1/src/rp2_common/pico_double/double_v1_rom_shim_rp2040.S.o
                0x10001ea8                double2uint64_shim
                0x10001eaa                double2ufix64_shim
                0x10001eca                d2fix_a
 .text.dunpacks
                0x10001f18       0x3c CMakeFiles/lab01.dir/Users/macncheese/.pico-sdk/sdk/2.1.1/src/rp2_common/pico_double/double_v1_rom_shim_rp2040.S.o
                0x10001f18                dunpacks
 .text.__aeabi_lmul
                0x10001f54       0x32 CMakeFiles/lab01.dir/Users/macncheese/.pico-sdk/sdk/2.1.1/src/rp2_common/pico_int64_ops/pico_int64_ops_aeabi.S.o
                0x10001f54                __wrap___aeabi_lmul
 *fill*         0x10001f86        0x2 
 .text.__aeabi_float_init
                0x10001f88       0xfc CMakeFiles/lab01.dir/Users/macncheese/.pico-sdk/sdk/2.1.1/src/rp2_common/pico_float/float_init_rom_rp2040.c.o
                0x10001f88                __aeabi_float_init
 .text.float_table_shim_on_use_helper
                0x10002084       0x34 CMakeFiles/lab01.dir/Users/macncheese/.pico-sdk/sdk/2.1.1/src/rp2_common/pico_float/float_v1_rom_shim_rp2040.S.o
                0x10002084                float_table_shim_on_use_helper
 .text          0x100020b8       0x10 CMakeFiles/lab01.dir/Users/macncheese/.pico-sdk/sdk/2.1.1/src/rp2_common/pico_mem_ops/mem_ops_aeabi.S.o
                0x100020b8                __aeabi_mem_init
 .text.memcpy   0x100020c8        0xc CMakeFiles/lab01.dir/Users/macncheese/.pico-sdk/sdk/2.1.1/src/rp2_common/pico_mem_ops/mem_ops_aeabi.S.o
                0x100020c8                __wrap___aeabi_memcpy
                0x100020c8                __wrap_memcpy
 .text._out_null
                0x100020d4        0x2 CMakeFiles/lab01.dir/Users/macncheese/.pico-sdk/sdk/2.1.1/src/rp2_common/pico_printf/printf.c.o
 .text._out_fct
                0x100020d6        0xe CMakeFiles/lab01.dir/Users/macncheese/.pico-sdk/sdk/2.1.1/src/rp2_common/pico_printf/printf.c.o
 .text._atoi    0x100020e4       0x24 CMakeFiles/lab01.dir/Users/macncheese/.pico-sdk/sdk/2.1.1/src/rp2_common/pico_printf/printf.c.o
 .text._out_rev
                0x10002108       0xb0 CMakeFiles/lab01.dir/Users/macncheese/.pico-sdk/sdk/2.1.1/src/rp2_common/pico_printf/printf.c.o
 .text._ntoa_format
                0x100021b8      0x10e CMakeFiles/lab01.dir/Users/macncheese/.pico-sdk/sdk/2.1.1/src/rp2_common/pico_printf/printf.c.o
 .text._ntoa_long
                0x100022c6       0xbc CMakeFiles/lab01.dir/Users/macncheese/.pico-sdk/sdk/2.1.1/src/rp2_common/pico_printf/printf.c.o
 .text._ntoa_long_long
                0x10002382      0x10e CMakeFiles/lab01.dir/Users/macncheese/.pico-sdk/sdk/2.1.1/src/rp2_common/pico_printf/printf.c.o
 .text._etoa    0x10002490      0x424 CMakeFiles/lab01.dir/Users/macncheese/.pico-sdk/sdk/2.1.1/src/rp2_common/pico_printf/printf.c.o
 .text._ftoa    0x100028b4      0x348 CMakeFiles/lab01.dir/Users/macncheese/.pico-sdk/sdk/2.1.1/src/rp2_common/pico_printf/printf.c.o
 .text._vsnprintf
                0x10002bfc      0x6a4 CMakeFiles/lab01.dir/Users/macncheese/.pico-sdk/sdk/2.1.1/src/rp2_common/pico_printf/printf.c.o
 .text.vfctprintf
                0x100032a0       0x24 CMakeFiles/lab01.dir/Users/macncheese/.pico-sdk/sdk/2.1.1/src/rp2_common/pico_printf/printf.c.o
                0x100032a0                vfctprintf
 .text._exit    0x100032c4        0x4 CMakeFiles/lab01.dir/Users/macncheese/.pico-sdk/sdk/2.1.1/src/rp2_common/pico_clib_interface/newlib_interface.c.o
                0x100032c4                _exit
 .text.exit     0x100032c8        0x6 CMakeFiles/lab01.dir/Users/macncheese/.pico-sdk/sdk/2.1.1/src/rp2_common/pico_clib_interface/newlib_interface.c.o
                0x100032c8                exit
 *fill*         0x100032ce        0x2 
 .text.__assert_func
                0x100032d0       0x38 CMakeFiles/lab01.dir/Users/macncheese/.pico-sdk/sdk/2.1.1/src/rp2_common/pico_clib_interface/newlib_interface.c.o
                0x100032d0                __assert_func
 .text.runtime_init
                0x10003308       0x28 CMakeFiles/lab01.dir/Users/macncheese/.pico-sdk/sdk/2.1.1/src/rp2_common/pico_clib_interface/newlib_interface.c.o
                0x10003308                runtime_init
 .text.stdio_out_chars_no_crlf
                0x10003330        0xe CMakeFiles/lab01.dir/Users/macncheese/.pico-sdk/sdk/2.1.1/src/rp2_common/pico_stdio/stdio.c.o
 *fill*         0x1000333e        0x2 
 .text.stdio_out_chars_crlf
                0x10003340       0x80 CMakeFiles/lab01.dir/Users/macncheese/.pico-sdk/sdk/2.1.1/src/rp2_common/pico_stdio/stdio.c.o
 .text.stdio_stack_buffer_flush
                0x100033c0       0x44 CMakeFiles/lab01.dir/Users/macncheese/.pico-sdk/sdk/2.1.1/src/rp2_common/pico_stdio/stdio.c.o
 .text.stdio_buffered_printer
                0x10003404       0x20 CMakeFiles/lab01.dir/Users/macncheese/.pico-sdk/sdk/2.1.1/src/rp2_common/pico_stdio/stdio.c.o
 .text.stdout_serialize_begin
                0x10003424       0x30 CMakeFiles/lab01.dir/Users/macncheese/.pico-sdk/sdk/2.1.1/src/rp2_common/pico_stdio/stdio.c.o
                0x10003424                stdout_serialize_begin
 .text.stdout_serialize_end
                0x10003454       0x10 CMakeFiles/lab01.dir/Users/macncheese/.pico-sdk/sdk/2.1.1/src/rp2_common/pico_stdio/stdio.c.o
                0x10003454                stdout_serialize_end
 .text.stdio_put_string
                0x10003464       0x94 CMakeFiles/lab01.dir/Users/macncheese/.pico-sdk/sdk/2.1.1/src/rp2_common/pico_stdio/stdio.c.o
                0x10003464                stdio_put_string
 .text.stdio_flush
                0x100034f8       0x20 CMakeFiles/lab01.dir/Users/macncheese/.pico-sdk/sdk/2.1.1/src/rp2_common/pico_stdio/stdio.c.o
                0x100034f8                stdio_flush
 .text.__wrap_puts
                0x10003518       0x1e CMakeFiles/lab01.dir/Users/macncheese/.pico-sdk/sdk/2.1.1/src/rp2_common/pico_stdio/stdio.c.o
                0x10003518                __wrap_puts
                0x10003518                stdio_puts
 *fill*         0x10003536        0x2 
 .text.__wrap_vprintf
                0x10003538       0x40 CMakeFiles/lab01.dir/Users/macncheese/.pico-sdk/sdk/2.1.1/src/rp2_common/pico_stdio/stdio.c.o
                0x10003538                __wrap_vprintf
                0x10003538                stdio_vprintf
 .text.__wrap_printf
                0x10003578       0x18 CMakeFiles/lab01.dir/Users/macncheese/.pico-sdk/sdk/2.1.1/src/rp2_common/pico_stdio/stdio.c.o
                0x10003578                stdio_printf
                0x10003578                __wrap_printf
 .text.strlen   0x10003590       0x5c /Users/macncheese/.pico-sdk/toolchain/14_2_Rel1/bin/../lib/gcc/arm-none-eabi/14.2.1/../../../../arm-none-eabi/lib/thumb/v6-m/nofp/libg.a(libc_a-strlen-stub.o)
                0x10003590                strlen
 *(.fini)
 .fini          0x100035ec        0x4 /Users/macncheese/.pico-sdk/toolchain/14_2_Rel1/bin/../lib/gcc/arm-none-eabi/14.2.1/thumb/v6-m/nofp/crti.o
                0x100035ec                _fini
 .fini.__stub   0x100035f0       0x40 linker stubs
 *crtbegin.o(.ctors)
 *crtbegin?.o(.ctors)
 *(EXCLUDE_FILE(*crtend.o *crtend?.o) .ctors)
 *(SORT_BY_NAME(.ctors.*))
 *(.ctors)
 *crtbegin.o(.dtors)
 *crtbegin?.o(.dtors)
 *(EXCLUDE_FILE(*crtend.o *crtend?.o) .dtors)
 *(SORT_BY_NAME(.dtors.*))
 *(.dtors)
                0x10003630                        . = ALIGN (0x4)
                0x10003630                        PROVIDE (__preinit_array_start = .)
 *(SORT_BY_NAME(.preinit_array.*))
 .preinit_array.00100
                0x10003630        0x4 CMakeFiles/lab01.dir/Users/macncheese/.pico-sdk/sdk/2.1.1/src/rp2_common/pico_runtime_init/runtime_init.c.o
                0x10003630                __pre_init_runtime_init_early_resets
 .preinit_array.00101
                0x10003634        0x4 CMakeFiles/lab01.dir/Users/macncheese/.pico-sdk/sdk/2.1.1/src/rp2_common/pico_runtime_init/runtime_init.c.o
                0x10003634                __pre_init_runtime_init_usb_power_down
 .preinit_array.00275
                0x10003638        0x4 CMakeFiles/lab01.dir/Users/macncheese/.pico-sdk/sdk/2.1.1/src/rp2_common/pico_bit_ops/bit_ops_aeabi.S.o
 .preinit_array.00300
                0x1000363c        0x4 CMakeFiles/lab01.dir/Users/macncheese/.pico-sdk/sdk/2.1.1/src/rp2_common/pico_mem_ops/mem_ops_aeabi.S.o
 .preinit_array.00350
                0x10003640        0x4 CMakeFiles/lab01.dir/Users/macncheese/.pico-sdk/sdk/2.1.1/src/rp2_common/pico_double/double_aeabi_rp2040.S.o
 .preinit_array.00350
                0x10003644        0x4 CMakeFiles/lab01.dir/Users/macncheese/.pico-sdk/sdk/2.1.1/src/rp2_common/pico_float/float_aeabi_rp2040.S.o
 .preinit_array.00500
                0x10003648        0x4 CMakeFiles/lab01.dir/Users/macncheese/.pico-sdk/sdk/2.1.1/src/rp2_common/pico_runtime_init/runtime_init.c.o
                0x10003648                __pre_init_runtime_init_clocks
 .preinit_array.00600
                0x1000364c        0x4 CMakeFiles/lab01.dir/Users/macncheese/.pico-sdk/sdk/2.1.1/src/rp2_common/pico_runtime_init/runtime_init.c.o
                0x1000364c                __pre_init_runtime_init_post_clock_resets
 .preinit_array.00700
                0x10003650        0x4 CMakeFiles/lab01.dir/Users/macncheese/.pico-sdk/sdk/2.1.1/src/rp2_common/pico_runtime_init/runtime_init.c.o
                0x10003650                __pre_init_runtime_init_rp2040_gpio_ie_disable
 .preinit_array.01000
                0x10003654        0x4 CMakeFiles/lab01.dir/Users/macncheese/.pico-sdk/sdk/2.1.1/src/rp2_common/pico_runtime_init/runtime_init.c.o
                0x10003654                __pre_init_runtime_init_spin_locks_reset
 .preinit_array.01100
                0x10003658        0x4 CMakeFiles/lab01.dir/Users/macncheese/.pico-sdk/sdk/2.1.1/src/common/pico_sync/mutex.c.o
                0x10003658                __pre_init_runtime_init_mutex
 .preinit_array.10080
                0x1000365c        0x4 CMakeFiles/lab01.dir/Users/macncheese/.pico-sdk/sdk/2.1.1/src/rp2_common/pico_runtime_init/runtime_init.c.o
                0x1000365c                __pre_init_runtime_init_install_ram_vector_table
 .preinit_array.11000
                0x10003660        0x4 CMakeFiles/lab01.dir/Users/macncheese/.pico-sdk/sdk/2.1.1/src/common/pico_time/time.c.o
                0x10003660                __pre_init_runtime_init_default_alarm_pool
 .preinit_array.YYYYY
                0x10003664        0x4 CMakeFiles/lab01.dir/Users/macncheese/.pico-sdk/sdk/2.1.1/src/rp2_common/pico_runtime/runtime.c.o
                0x10003664                __pre_init_first_per_core_initializer
 .preinit_array.ZZZZZ.01200
                0x10003668        0x4 CMakeFiles/lab01.dir/Users/macncheese/.pico-sdk/sdk/2.1.1/src/rp2_common/hardware_irq/irq.c.o
                0x10003668                __pre_init_runtime_init_per_core_irq_priorities
 *(.preinit_array)
                0x1000366c                        PROVIDE (__preinit_array_end = .)
                0x1000366c                        . = ALIGN (0x4)
                0x1000366c                        PROVIDE (__init_array_start = .)
 *(SORT_BY_NAME(.init_array.*))
 *(.init_array)
 .init_array    0x1000366c        0x4 /Users/macncheese/.pico-sdk/toolchain/14_2_Rel1/bin/../lib/gcc/arm-none-eabi/14.2.1/thumb/v6-m/nofp/crtbegin.o
                0x10003670                        PROVIDE (__init_array_end = .)
                0x10003670                        . = ALIGN (0x4)
                [!provide]                        PROVIDE (__fini_array_start = .)
 *(SORT_BY_NAME(.fini_array.*))
 *(.fini_array)
                [!provide]                        PROVIDE (__fini_array_end = .)
 *(.eh_frame*)
 .eh_frame      0x10003670        0x0 /Users/macncheese/.pico-sdk/toolchain/14_2_Rel1/bin/../lib/gcc/arm-none-eabi/14.2.1/thumb/v6-m/nofp/crtbegin.o
                0x10003670                        . = ALIGN (0x4)

.glue_7         0x10003670        0x0
 .glue_7        0x10003670        0x0 linker stubs

.glue_7t        0x10003670        0x0
 .glue_7t       0x10003670        0x0 linker stubs

.vfp11_veneer   0x10003670        0x0
 .vfp11_veneer  0x10003670        0x0 linker stubs

.v4_bx          0x10003670        0x0
 .v4_bx         0x10003670        0x0 linker stubs

.iplt           0x10003670        0x0
 .iplt          0x10003670        0x0 /Users/macncheese/.pico-sdk/toolchain/14_2_Rel1/bin/../lib/gcc/arm-none-eabi/14.2.1/thumb/v6-m/nofp/crtbegin.o

.rodata         0x10003670      0x88c
 *(EXCLUDE_FILE(*libm.a: *libc.a:*lib_a-mem*.o *libgcc.a:) .rodata*)
 .rodata.panic.str1.4
                0x10003670      0x57f CMakeFiles/lab01.dir/Users/macncheese/.pico-sdk/sdk/2.1.1/src/rp2_common/pico_platform_panic/panic.c.o
                                 0x12 (size before relaxing)
 .rodata.resolve_j_16.str1.4
                0x10003bef       0x60 CMakeFiles/lab01.dir/Users/macncheese/.pico-sdk/sdk/2.1.1/src/rp2_common/hardware_irq/irq.c.o
 .rodata.irq_set_exclusive_handler.str1.4
                0x10003bef       0x36 CMakeFiles/lab01.dir/Users/macncheese/.pico-sdk/sdk/2.1.1/src/rp2_common/hardware_irq/irq.c.o
 *fill*         0x10003bef        0x1 
 .rodata.__func__.6
                0x10003bf0       0x1a CMakeFiles/lab01.dir/Users/macncheese/.pico-sdk/sdk/2.1.1/src/rp2_common/hardware_irq/irq.c.o
 .rodata.runtime_init_mutex.str1.4
                0x10003c0a       0x63 CMakeFiles/lab01.dir/Users/macncheese/.pico-sdk/sdk/2.1.1/src/common/pico_sync/mutex.c.o
 .rodata.str1.4
                0x10003c0a       0x51 CMakeFiles/lab01.dir/Users/macncheese/.pico-sdk/sdk/2.1.1/src/common/pico_sync/mutex.c.o
 *fill*         0x10003c0a        0x2 
 .rodata.__func__.1
                0x10003c0c        0xb CMakeFiles/lab01.dir/Users/macncheese/.pico-sdk/sdk/2.1.1/src/common/pico_sync/mutex.c.o
 *fill*         0x10003c17        0x1 
 .rodata.__func__.3
                0x10003c18       0x18 CMakeFiles/lab01.dir/Users/macncheese/.pico-sdk/sdk/2.1.1/src/common/pico_sync/mutex.c.o
 .rodata.__func__.6
                0x10003c30       0x13 CMakeFiles/lab01.dir/Users/macncheese/.pico-sdk/sdk/2.1.1/src/common/pico_sync/mutex.c.o
 .rodata.alarm_pool_irq_handler.str1.4
                0x10003c43       0x6e CMakeFiles/lab01.dir/Users/macncheese/.pico-sdk/sdk/2.1.1/src/common/pico_time/time.c.o
 .rodata.alarm_pool_get_default.str1.4
                0x10003c43       0x21 CMakeFiles/lab01.dir/Users/macncheese/.pico-sdk/sdk/2.1.1/src/common/pico_time/time.c.o
 .rodata.sleep_until.str1.4
                0x10003c43       0x4d CMakeFiles/lab01.dir/Users/macncheese/.pico-sdk/sdk/2.1.1/src/common/pico_time/time.c.o
 *fill*         0x10003c43        0x1 
 .rodata.__func__.1
                0x10003c44       0x17 CMakeFiles/lab01.dir/Users/macncheese/.pico-sdk/sdk/2.1.1/src/common/pico_time/time.c.o
 *fill*         0x10003c5b        0x1 
 .rodata.__func__.2
                0x10003c5c       0x17 CMakeFiles/lab01.dir/Users/macncheese/.pico-sdk/sdk/2.1.1/src/common/pico_time/time.c.o
 .rodata.timer_hardware_alarm_claim.str1.4
                0x10003c73       0x22 CMakeFiles/lab01.dir/Users/macncheese/.pico-sdk/sdk/2.1.1/src/rp2_common/hardware_timer/timer.c.o
 .rodata.pll_init.str1.4
                0x10003c73      0x11c CMakeFiles/lab01.dir/Users/macncheese/.pico-sdk/sdk/2.1.1/src/rp2_common/hardware_pll/pll.c.o
 *fill*         0x10003c73        0x1 
 .rodata.__func__.0
                0x10003c74        0x9 CMakeFiles/lab01.dir/Users/macncheese/.pico-sdk/sdk/2.1.1/src/rp2_common/hardware_pll/pll.c.o
 .rodata.__aeabi_double_init.str1.4
                0x10003c7d       0x9e CMakeFiles/lab01.dir/Users/macncheese/.pico-sdk/sdk/2.1.1/src/rp2_common/pico_double/double_init_rom_rp2040.c.o
 *fill*         0x10003c7d        0x3 
 .rodata.__func__.0
                0x10003c80       0x14 CMakeFiles/lab01.dir/Users/macncheese/.pico-sdk/sdk/2.1.1/src/rp2_common/pico_double/double_init_rom_rp2040.c.o
 .rodata.__aeabi_float_init.str1.4
                0x10003c94       0x90 CMakeFiles/lab01.dir/Users/macncheese/.pico-sdk/sdk/2.1.1/src/rp2_common/pico_float/float_init_rom_rp2040.c.o
 .rodata.__func__.0
                0x10003c94       0x13 CMakeFiles/lab01.dir/Users/macncheese/.pico-sdk/sdk/2.1.1/src/rp2_common/pico_float/float_init_rom_rp2040.c.o
 .rodata.str1.4
                0x10003ca7       0x7c CMakeFiles/lab01.dir/Users/macncheese/.pico-sdk/sdk/2.1.1/src/rp2_common/pico_standard_binary_info/standard_binary_info.c.o
 *fill*         0x10003ca7        0x1 
 .rodata.__bi_84
                0x10003ca8        0xc CMakeFiles/lab01.dir/Users/macncheese/.pico-sdk/sdk/2.1.1/src/rp2_common/pico_standard_binary_info/standard_binary_info.c.o
 .rodata.__bi_78
                0x10003cb4        0xc CMakeFiles/lab01.dir/Users/macncheese/.pico-sdk/sdk/2.1.1/src/rp2_common/pico_standard_binary_info/standard_binary_info.c.o
 .rodata.__bi_72
                0x10003cc0        0xc CMakeFiles/lab01.dir/Users/macncheese/.pico-sdk/sdk/2.1.1/src/rp2_common/pico_standard_binary_info/standard_binary_info.c.o
 .rodata.__bi_54
                0x10003ccc        0xc CMakeFiles/lab01.dir/Users/macncheese/.pico-sdk/sdk/2.1.1/src/rp2_common/pico_standard_binary_info/standard_binary_info.c.o
 .rodata.__bi_48
                0x10003cd8        0xc CMakeFiles/lab01.dir/Users/macncheese/.pico-sdk/sdk/2.1.1/src/rp2_common/pico_standard_binary_info/standard_binary_info.c.o
 .rodata.__bi_42
                0x10003ce4        0xc CMakeFiles/lab01.dir/Users/macncheese/.pico-sdk/sdk/2.1.1/src/rp2_common/pico_standard_binary_info/standard_binary_info.c.o
 .rodata.__bi_34
                0x10003cf0        0xc CMakeFiles/lab01.dir/Users/macncheese/.pico-sdk/sdk/2.1.1/src/rp2_common/pico_standard_binary_info/standard_binary_info.c.o
 .rodata.__bi_26
                0x10003cfc        0xc CMakeFiles/lab01.dir/Users/macncheese/.pico-sdk/sdk/2.1.1/src/rp2_common/pico_standard_binary_info/standard_binary_info.c.o
 .rodata._ftoa.str1.4
                0x10003d08       0x15 CMakeFiles/lab01.dir/Users/macncheese/.pico-sdk/sdk/2.1.1/src/rp2_common/pico_printf/printf.c.o
 .rodata._vsnprintf
                0x10003d08      0x19c CMakeFiles/lab01.dir/Users/macncheese/.pico-sdk/sdk/2.1.1/src/rp2_common/pico_printf/printf.c.o
 *fill*         0x10003ea4        0x4 
 .rodata.pow10.0
                0x10003ea8       0x50 CMakeFiles/lab01.dir/Users/macncheese/.pico-sdk/sdk/2.1.1/src/rp2_common/pico_printf/printf.c.o
 .rodata.__assert_func.str1.4
                0x10003ef8       0x43 CMakeFiles/lab01.dir/Users/macncheese/.pico-sdk/sdk/2.1.1/src/rp2_common/pico_clib_interface/newlib_interface.c.o
 .rodata.crlf_str.0
                0x10003ef8        0x2 CMakeFiles/lab01.dir/Users/macncheese/.pico-sdk/sdk/2.1.1/src/rp2_common/pico_stdio/stdio.c.o
                0x10003f3c                        . = ALIGN (0x4)
 *fill*         0x10003efa        0x2 
 *(SORT_BY_ALIGNMENT(SORT_BY_NAME(.flashdata*)))
                0x10003efc                        . = ALIGN (0x4)

.ARM.extab
 *(.ARM.extab* .gnu.linkonce.armextab.*)
                0x10003efc                        __exidx_start = .

.ARM.exidx
 *(.ARM.exidx* .gnu.linkonce.armexidx.*)
                0x10003efc                        __exidx_end = .
                0x10003efc                        . = ALIGN (0x4)
                0x10003efc                        __binary_info_start = .

.binary_info    0x10003efc       0x20
 *(.binary_info.keep.*)
 .binary_info.keep.__bi_ptr84
                0x10003efc        0x4 CMakeFiles/lab01.dir/Users/macncheese/.pico-sdk/sdk/2.1.1/src/rp2_common/pico_standard_binary_info/standard_binary_info.c.o
 .binary_info.keep.__bi_ptr78
                0x10003f00        0x4 CMakeFiles/lab01.dir/Users/macncheese/.pico-sdk/sdk/2.1.1/src/rp2_common/pico_standard_binary_info/standard_binary_info.c.o
 .binary_info.keep.__bi_ptr72
                0x10003f04        0x4 CMakeFiles/lab01.dir/Users/macncheese/.pico-sdk/sdk/2.1.1/src/rp2_common/pico_standard_binary_info/standard_binary_info.c.o
 .binary_info.keep.__bi_ptr54
                0x10003f08        0x4 CMakeFiles/lab01.dir/Users/macncheese/.pico-sdk/sdk/2.1.1/src/rp2_common/pico_standard_binary_info/standard_binary_info.c.o
 .binary_info.keep.__bi_ptr48
                0x10003f0c        0x4 CMakeFiles/lab01.dir/Users/macncheese/.pico-sdk/sdk/2.1.1/src/rp2_common/pico_standard_binary_info/standard_binary_info.c.o
 .binary_info.keep.__bi_ptr42
                0x10003f10        0x4 CMakeFiles/lab01.dir/Users/macncheese/.pico-sdk/sdk/2.1.1/src/rp2_common/pico_standard_binary_info/standard_binary_info.c.o
 .binary_info.keep.__bi_ptr34
                0x10003f14        0x4 CMakeFiles/lab01.dir/Users/macncheese/.pico-sdk/sdk/2.1.1/src/rp2_common/pico_standard_binary_info/standard_binary_info.c.o
 .binary_info.keep.__bi_ptr26
                0x10003f18        0x4 CMakeFiles/lab01.dir/Users/macncheese/.pico-sdk/sdk/2.1.1/src/rp2_common/pico_standard_binary_info/standard_binary_info.c.o
 *(.binary_info.*)
                0x10003f1c                        __binary_info_end = .

.rel.dyn        0x10003f1c        0x0
 .rel.iplt      0x10003f1c        0x0 /Users/macncheese/.pico-sdk/toolchain/14_2_Rel1/bin/../lib/gcc/arm-none-eabi/14.2.1/thumb/v6-m/nofp/crtbegin.o
                0x10003f1c                        . = ALIGN (0x4)

.ram_vector_table
                0x20000000       0xc0
 *(.ram_vector_table)
 .ram_vector_table
                0x20000000       0xc0 CMakeFiles/lab01.dir/Users/macncheese/.pico-sdk/sdk/2.1.1/src/rp2_common/pico_runtime_init/runtime_init.c.o
                0x20000000                ram_vector_table

.uninitialized_data
                0x200000c0        0x0
                0x200000c0                        . = ALIGN (0x4)
 *(.uninitialized_data*)

.data           0x200000c0      0x1c8 load address 0x10003f1c
                0x200000c0                        __data_start__ = .
 *(vtable)
 *(.time_critical*)
 .time_critical.mutex_try_enter
                0x200000c0       0x48 CMakeFiles/lab01.dir/Users/macncheese/.pico-sdk/sdk/2.1.1/src/common/pico_sync/mutex.c.o
                0x200000c0                mutex_try_enter
 .time_critical.mutex_enter_block_until
                0x20000108       0x90 CMakeFiles/lab01.dir/Users/macncheese/.pico-sdk/sdk/2.1.1/src/common/pico_sync/mutex.c.o
                0x20000108                mutex_enter_block_until
 .time_critical.mutex_try_enter_block_until
                0x20000198       0x34 CMakeFiles/lab01.dir/Users/macncheese/.pico-sdk/sdk/2.1.1/src/common/pico_sync/mutex.c.o
                0x20000198                mutex_try_enter_block_until
 .time_critical.mutex_exit
                0x200001cc       0x4c CMakeFiles/lab01.dir/Users/macncheese/.pico-sdk/sdk/2.1.1/src/common/pico_sync/mutex.c.o
                0x200001cc                mutex_exit
 *(.text*)
 .text          0x20000218        0x4 /Users/macncheese/.pico-sdk/toolchain/14_2_Rel1/bin/../lib/gcc/arm-none-eabi/14.2.1/thumb/v6-m/nofp/libgcc.a(_dvmd_tls.o)
                0x20000218                __aeabi_ldiv0
                0x20000218                __aeabi_idiv0
 *fill*         0x2000021c        0x4 
 .text.__stub   0x20000220       0x20 linker stubs
                0x20000240                        . = ALIGN (0x4)
 *(.rodata*)
                0x20000240                        . = ALIGN (0x4)
 *(.data*)
 .data.striped_spin_lock_num
                0x20000240        0x1 CMakeFiles/lab01.dir/Users/macncheese/.pico-sdk/sdk/2.1.1/src/rp2_common/hardware_sync/sync.c.o
 *fill*         0x20000241        0x3 
 .data.default_alarm_pool
                0x20000244       0x18 CMakeFiles/lab01.dir/Users/macncheese/.pico-sdk/sdk/2.1.1/src/common/pico_time/time.c.o
 *fill*         0x2000025c        0x4 
 .data.aeabi_bits_funcs
                0x20000260       0x10 CMakeFiles/lab01.dir/Users/macncheese/.pico-sdk/sdk/2.1.1/src/rp2_common/pico_bit_ops/bit_ops_aeabi.S.o
                0x20000260                aeabi_bits_funcs
                0x20000270                aeabi_bits_funcs_end
 .data.aeabi_mem_funcs
                0x20000270       0x10 CMakeFiles/lab01.dir/Users/macncheese/.pico-sdk/sdk/2.1.1/src/rp2_common/pico_mem_ops/mem_ops_aeabi.S.o
                0x20000270                aeabi_mem_funcs
                0x20000280                aeabi_mem_funcs_end
                0x20000280                        . = ALIGN (0x4)
 *(.after_data.*)
                0x20000280                        . = ALIGN (0x4)
                0x20000280                        PROVIDE (__mutex_array_start = .)
 *(SORT_BY_NAME(.mutex_array.*))
 *(.mutex_array)
 .mutex_array   0x20000280        0x8 CMakeFiles/lab01.dir/Users/macncheese/.pico-sdk/sdk/2.1.1/src/rp2_common/pico_stdio/stdio.c.o
                0x20000288                        PROVIDE (__mutex_array_end = .)
                0x20000288                        . = ALIGN (0x4)
 *(.jcr)
                0x20000288                        . = ALIGN (0x4)

.tm_clone_table
                0x20000288        0x0 load address 0x100040e4
 .tm_clone_table
                0x20000288        0x0 /Users/macncheese/.pico-sdk/toolchain/14_2_Rel1/bin/../lib/gcc/arm-none-eabi/14.2.1/thumb/v6-m/nofp/crtbegin.o
 .tm_clone_table
                0x20000288        0x0 /Users/macncheese/.pico-sdk/toolchain/14_2_Rel1/bin/../lib/gcc/arm-none-eabi/14.2.1/thumb/v6-m/nofp/crtend.o

.igot.plt       0x20000288        0x0 load address 0x100040e4
 .igot.plt      0x20000288        0x0 /Users/macncheese/.pico-sdk/toolchain/14_2_Rel1/bin/../lib/gcc/arm-none-eabi/14.2.1/thumb/v6-m/nofp/crtbegin.o

.tdata          0x20000288        0x0 load address 0x100040e4
                0x20000288                        . = ALIGN (0x4)
 *(.tdata .tdata.* .gnu.linkonce.td.*)
                0x20000288                        __tdata_end = .
                0x20000288                        PROVIDE (__data_end__ = .)
                0x10003f1c                        __etext = LOADADDR (.data)

.tbss           0x20000288        0x0 load address 0x100040e4
                0x20000288                        . = ALIGN (0x4)
                0x20000288                        __bss_start__ = .
                0x20000288                        __tls_base = .
 *(.tbss .tbss.* .gnu.linkonce.tb.*)
 *(.tcommon)
                0x20000288                        __tls_end = .

.bss            0x20000288      0x3e4 load address 0x100040e4
                0x20000288                        . = ALIGN (0x4)
                0x20000288                        __tbss_end = .
 *(SORT_BY_ALIGNMENT(SORT_BY_NAME(.bss*)))
 .bss.default_alarm_pool_entries
                0x20000288      0x180 CMakeFiles/lab01.dir/Users/macncheese/.pico-sdk/sdk/2.1.1/src/common/pico_time/time.c.o
 .bss.claimed   0x20000408        0x1 CMakeFiles/lab01.dir/Users/macncheese/.pico-sdk/sdk/2.1.1/src/rp2_common/hardware_timer/timer.c.o
 *fill*         0x20000409        0x3 
 .bss.configured_freq
                0x2000040c       0x28 CMakeFiles/lab01.dir/Users/macncheese/.pico-sdk/sdk/2.1.1/src/rp2_common/hardware_clocks/clocks.c.o
 .bss.drivers   0x20000434        0x4 CMakeFiles/lab01.dir/Users/macncheese/.pico-sdk/sdk/2.1.1/src/rp2_common/pico_stdio/stdio.c.o
 .bss.filter    0x20000438        0x4 CMakeFiles/lab01.dir/Users/macncheese/.pico-sdk/sdk/2.1.1/src/rp2_common/pico_stdio/stdio.c.o
 .bss.object.0  0x2000043c       0x18 /Users/macncheese/.pico-sdk/toolchain/14_2_Rel1/bin/../lib/gcc/arm-none-eabi/14.2.1/thumb/v6-m/nofp/crtbegin.o
 .bss.pools     0x20000454       0x10 CMakeFiles/lab01.dir/Users/macncheese/.pico-sdk/sdk/2.1.1/src/common/pico_time/time.c.o
 .bss.sd_table  0x20000464      0x100 CMakeFiles/lab01.dir/Users/macncheese/.pico-sdk/sdk/2.1.1/src/rp2_common/pico_double/double_init_rom_rp2040.c.o
                0x20000464                sd_table
 .bss.sf_clz_func
                0x20000564        0x4 CMakeFiles/lab01.dir/Users/macncheese/.pico-sdk/sdk/2.1.1/src/rp2_common/pico_double/double_init_rom_rp2040.c.o
                0x20000564                sf_clz_func
 .bss.sf_table  0x20000568      0x100 CMakeFiles/lab01.dir/Users/macncheese/.pico-sdk/sdk/2.1.1/src/rp2_common/pico_float/float_init_rom_rp2040.c.o
                0x20000568                sf_table
 .bss.sleep_notifier
                0x20000668        0x4 CMakeFiles/lab01.dir/Users/macncheese/.pico-sdk/sdk/2.1.1/src/common/pico_time/time.c.o
 *(COMMON)
                0x2000066c                        . = ALIGN (0x4)
                0x2000066c                        __bss_end__ = .

.heap           0x2000066c      0x800 load address 0x100040e4
                0x2000066c                        __end__ = .
                0x2000066c                        end = __end__
 *(.heap*)
 .heap          0x2000066c      0x800 CMakeFiles/lab01.dir/Users/macncheese/.pico-sdk/sdk/2.1.1/src/rp2_common/pico_crt0/crt0.S.o
                0x20040000                        __HeapLimit = (ORIGIN (RAM) + LENGTH (RAM))

.scratch_x      0x20040000        0x0 load address 0x100040e4
                0x20040000                        __scratch_x_start__ = .
 *(.scratch_x.*)
                0x20040000                        . = ALIGN (0x4)
                0x20040000                        __scratch_x_end__ = .
                0x100040e4                        __scratch_x_source__ = LOADADDR (.scratch_x)

.scratch_y      0x20041000        0x0 load address 0x100040e4
                0x20041000                        __scratch_y_start__ = .
 *(.scratch_y.*)
                0x20041000                        . = ALIGN (0x4)
                0x20041000                        __scratch_y_end__ = .
                0x100040e4                        __scratch_y_source__ = LOADADDR (.scratch_y)

.stack1_dummy
 *(.stack1*)

.stack_dummy    0x20041000      0x800
 *(.stack*)
 .stack         0x20041000      0x800 CMakeFiles/lab01.dir/Users/macncheese/.pico-sdk/sdk/2.1.1/src/rp2_common/pico_crt0/crt0.S.o

.flash_end      0x100040e4        0x0
 *(.embedded_end_block*)
                0x100040e4                        PROVIDE (__flash_binary_end = .)
                0x20040000                        __StackLimit = (ORIGIN (RAM) + LENGTH (RAM))
                0x20041000                        __StackOneTop = (ORIGIN (SCRATCH_X) + LENGTH (SCRATCH_X))
                0x20042000                        __StackTop = (ORIGIN (SCRATCH_Y) + LENGTH (SCRATCH_Y))
                0x20041000                        __StackOneBottom = (__StackOneTop - SIZEOF (.stack1_dummy))
                0x20041800                        __StackBottom = (__StackTop - SIZEOF (.stack_dummy))
                0x20042000                        PROVIDE (__stack = __StackTop)
                [!provide]                        PROVIDE (__heap_start = __end__)
                [!provide]                        PROVIDE (__heap_end = __HeapLimit)
                [!provide]                        PROVIDE (__tls_align = MAX (ALIGNOF (.tdata), ALIGNOF (.tbss)))
                [!provide]                        PROVIDE (__tls_size_align = (((__tls_size + __tls_align) - 0x1) & ~ ((__tls_align - 0x1))))
                [!provide]                        PROVIDE (__arm32_tls_tcb_offset = MAX (0x8, __tls_align))
                [!provide]                        PROVIDE (_end = __end__)
                [!provide]                        PROVIDE (__llvm_libc_heap_limit = __HeapLimit)
                0x00000001                        ASSERT ((__StackLimit >= __HeapLimit), region RAM overflowed)
                0x00000001                        ASSERT (((__binary_info_header_end - __logical_binary_start) <= 0x100), Binary info must be in first 256 bytes of the binary)
LOAD CMakeFiles/lab01.dir/lab01.c.o
LOAD CMakeFiles/lab01.dir/Users/macncheese/.pico-sdk/sdk/2.1.1/src/rp2_common/pico_stdlib/stdlib.c.o
LOAD CMakeFiles/lab01.dir/Users/macncheese/.pico-sdk/sdk/2.1.1/src/rp2_common/hardware_gpio/gpio.c.o
LOAD CMakeFiles/lab01.dir/Users/macncheese/.pico-sdk/sdk/2.1.1/src/rp2040/pico_platform/platform.c.o
LOAD CMakeFiles/lab01.dir/Users/macncheese/.pico-sdk/sdk/2.1.1/src/rp2_common/pico_platform_panic/panic.c.o
LOAD CMakeFiles/lab01.dir/Users/macncheese/.pico-sdk/sdk/2.1.1/src/common/hardware_claim/claim.c.o
LOAD CMakeFiles/lab01.dir/Users/macncheese/.pico-sdk/sdk/2.1.1/src/rp2_common/hardware_sync/sync.c.o
LOAD CMakeFiles/lab01.dir/Users/macncheese/.pico-sdk/sdk/2.1.1/src/rp2_common/hardware_sync_spin_lock/sync_spin_lock.c.o
LOAD CMakeFiles/lab01.dir/Users/macncheese/.pico-sdk/sdk/2.1.1/src/rp2_common/hardware_irq/irq.c.o
LOAD CMakeFiles/lab01.dir/Users/macncheese/.pico-sdk/sdk/2.1.1/src/rp2_common/hardware_irq/irq_handler_chain.S.o
LOAD CMakeFiles/lab01.dir/Users/macncheese/.pico-sdk/sdk/2.1.1/src/common/pico_sync/sem.c.o
LOAD CMakeFiles/lab01.dir/Users/macncheese/.pico-sdk/sdk/2.1.1/src/common/pico_sync/lock_core.c.o
LOAD CMakeFiles/lab01.dir/Users/macncheese/.pico-sdk/sdk/2.1.1/src/common/pico_sync/mutex.c.o
LOAD CMakeFiles/lab01.dir/Users/macncheese/.pico-sdk/sdk/2.1.1/src/common/pico_sync/critical_section.c.o
LOAD CMakeFiles/lab01.dir/Users/macncheese/.pico-sdk/sdk/2.1.1/src/common/pico_time/time.c.o
LOAD CMakeFiles/lab01.dir/Users/macncheese/.pico-sdk/sdk/2.1.1/src/common/pico_time/timeout_helper.c.o
LOAD CMakeFiles/lab01.dir/Users/macncheese/.pico-sdk/sdk/2.1.1/src/rp2_common/hardware_timer/timer.c.o
LOAD CMakeFiles/lab01.dir/Users/macncheese/.pico-sdk/sdk/2.1.1/src/common/pico_util/datetime.c.o
LOAD CMakeFiles/lab01.dir/Users/macncheese/.pico-sdk/sdk/2.1.1/src/common/pico_util/pheap.c.o
LOAD CMakeFiles/lab01.dir/Users/macncheese/.pico-sdk/sdk/2.1.1/src/common/pico_util/queue.c.o
LOAD CMakeFiles/lab01.dir/Users/macncheese/.pico-sdk/sdk/2.1.1/src/rp2_common/hardware_uart/uart.c.o
LOAD CMakeFiles/lab01.dir/Users/macncheese/.pico-sdk/sdk/2.1.1/src/rp2_common/hardware_clocks/clocks.c.o
LOAD CMakeFiles/lab01.dir/Users/macncheese/.pico-sdk/sdk/2.1.1/src/rp2_common/hardware_pll/pll.c.o
LOAD CMakeFiles/lab01.dir/Users/macncheese/.pico-sdk/sdk/2.1.1/src/rp2_common/hardware_vreg/vreg.c.o
LOAD CMakeFiles/lab01.dir/Users/macncheese/.pico-sdk/sdk/2.1.1/src/rp2_common/hardware_watchdog/watchdog.c.o
LOAD CMakeFiles/lab01.dir/Users/macncheese/.pico-sdk/sdk/2.1.1/src/rp2_common/hardware_ticks/ticks.c.o
LOAD CMakeFiles/lab01.dir/Users/macncheese/.pico-sdk/sdk/2.1.1/src/rp2_common/pico_bootrom/bootrom.c.o
LOAD CMakeFiles/lab01.dir/Users/macncheese/.pico-sdk/sdk/2.1.1/src/rp2_common/pico_bootrom/bootrom_lock.c.o
LOAD CMakeFiles/lab01.dir/Users/macncheese/.pico-sdk/sdk/2.1.1/src/rp2_common/hardware_boot_lock/boot_lock.c.o
LOAD CMakeFiles/lab01.dir/Users/macncheese/.pico-sdk/sdk/2.1.1/src/rp2_common/pico_flash/flash.c.o
LOAD CMakeFiles/lab01.dir/Users/macncheese/.pico-sdk/sdk/2.1.1/src/rp2_common/hardware_xosc/xosc.c.o
LOAD CMakeFiles/lab01.dir/Users/macncheese/.pico-sdk/sdk/2.1.1/src/rp2_common/hardware_divider/divider.S.o
LOAD CMakeFiles/lab01.dir/Users/macncheese/.pico-sdk/sdk/2.1.1/src/rp2_common/pico_runtime/runtime.c.o
LOAD CMakeFiles/lab01.dir/Users/macncheese/.pico-sdk/sdk/2.1.1/src/rp2_common/pico_runtime_init/runtime_init.c.o
LOAD CMakeFiles/lab01.dir/Users/macncheese/.pico-sdk/sdk/2.1.1/src/rp2_common/pico_runtime_init/runtime_init_clocks.c.o
LOAD CMakeFiles/lab01.dir/Users/macncheese/.pico-sdk/sdk/2.1.1/src/rp2_common/pico_runtime_init/runtime_init_stack_guard.c.o
LOAD CMakeFiles/lab01.dir/Users/macncheese/.pico-sdk/sdk/2.1.1/src/rp2_common/pico_bit_ops/bit_ops_aeabi.S.o
LOAD CMakeFiles/lab01.dir/Users/macncheese/.pico-sdk/sdk/2.1.1/src/rp2_common/pico_divider/divider_hardware.S.o
LOAD CMakeFiles/lab01.dir/Users/macncheese/.pico-sdk/sdk/2.1.1/src/rp2_common/pico_double/double_aeabi_rp2040.S.o
LOAD CMakeFiles/lab01.dir/Users/macncheese/.pico-sdk/sdk/2.1.1/src/rp2_common/pico_double/double_init_rom_rp2040.c.o
LOAD CMakeFiles/lab01.dir/Users/macncheese/.pico-sdk/sdk/2.1.1/src/rp2_common/pico_double/double_math.c.o
LOAD CMakeFiles/lab01.dir/Users/macncheese/.pico-sdk/sdk/2.1.1/src/rp2_common/pico_double/double_v1_rom_shim_rp2040.S.o
LOAD CMakeFiles/lab01.dir/Users/macncheese/.pico-sdk/sdk/2.1.1/src/rp2_common/pico_int64_ops/pico_int64_ops_aeabi.S.o
LOAD CMakeFiles/lab01.dir/Users/macncheese/.pico-sdk/sdk/2.1.1/src/rp2_common/pico_float/float_aeabi_rp2040.S.o
LOAD CMakeFiles/lab01.dir/Users/macncheese/.pico-sdk/sdk/2.1.1/src/rp2_common/pico_float/float_init_rom_rp2040.c.o
LOAD CMakeFiles/lab01.dir/Users/macncheese/.pico-sdk/sdk/2.1.1/src/rp2_common/pico_float/float_math.c.o
LOAD CMakeFiles/lab01.dir/Users/macncheese/.pico-sdk/sdk/2.1.1/src/rp2_common/pico_float/float_v1_rom_shim_rp2040.S.o
LOAD CMakeFiles/lab01.dir/Users/macncheese/.pico-sdk/sdk/2.1.1/src/rp2_common/pico_malloc/malloc.c.o
LOAD CMakeFiles/lab01.dir/Users/macncheese/.pico-sdk/sdk/2.1.1/src/rp2_common/pico_mem_ops/mem_ops_aeabi.S.o
LOAD CMakeFiles/lab01.dir/Users/macncheese/.pico-sdk/sdk/2.1.1/src/rp2_common/pico_atomic/atomic.c.o
LOAD CMakeFiles/lab01.dir/Users/macncheese/.pico-sdk/sdk/2.1.1/src/rp2_common/pico_cxx_options/new_delete.cpp.o
LOAD CMakeFiles/lab01.dir/Users/macncheese/.pico-sdk/sdk/2.1.1/src/rp2_common/pico_standard_binary_info/standard_binary_info.c.o
LOAD CMakeFiles/lab01.dir/Users/macncheese/.pico-sdk/sdk/2.1.1/src/rp2_common/pico_printf/printf.c.o
LOAD CMakeFiles/lab01.dir/Users/macncheese/.pico-sdk/sdk/2.1.1/src/rp2_common/pico_crt0/crt0.S.o
LOAD CMakeFiles/lab01.dir/Users/macncheese/.pico-sdk/sdk/2.1.1/src/rp2_common/pico_clib_interface/newlib_interface.c.o
LOAD CMakeFiles/lab01.dir/Users/macncheese/.pico-sdk/sdk/2.1.1/src/rp2_common/pico_stdio/stdio.c.o
LOAD CMakeFiles/lab01.dir/Users/macncheese/.pico-sdk/sdk/2.1.1/src/rp2_common/pico_stdio_uart/stdio_uart.c.o
LOAD ../../pico-sdk/src/rp2040/boot_stage2/CMakeFiles/bs2_default_library.dir/bs2_default_padded_checksummed.S.o
LOAD /Users/macncheese/.pico-sdk/toolchain/14_2_Rel1/bin/../lib/gcc/arm-none-eabi/14.2.1/../../../../arm-none-eabi/lib/thumb/v6-m/nofp/libstdc++.a
LOAD /Users/macncheese/.pico-sdk/toolchain/14_2_Rel1/bin/../lib/gcc/arm-none-eabi/14.2.1/../../../../arm-none-eabi/lib/thumb/v6-m/nofp/libm.a
START GROUP
LOAD /Users/macncheese/.pico-sdk/toolchain/14_2_Rel1/bin/../lib/gcc/arm-none-eabi/14.2.1/thumb/v6-m/nofp/libgcc.a
LOAD /Users/macncheese/.pico-sdk/toolchain/14_2_Rel1/bin/../lib/gcc/arm-none-eabi/14.2.1/../../../../arm-none-eabi/lib/thumb/v6-m/nofp/libg.a
LOAD /Users/macncheese/.pico-sdk/toolchain/14_2_Rel1/bin/../lib/gcc/arm-none-eabi/14.2.1/../../../../arm-none-eabi/lib/thumb/v6-m/nofp/libc.a
END GROUP
START GROUP
LOAD /Users/macncheese/.pico-sdk/toolchain/14_2_Rel1/bin/../lib/gcc/arm-none-eabi/14.2.1/thumb/v6-m/nofp/libgcc.a
LOAD /Users/macncheese/.pico-sdk/toolchain/14_2_Rel1/bin/../lib/gcc/arm-none-eabi/14.2.1/../../../../arm-none-eabi/lib/thumb/v6-m/nofp/libc.a
LOAD /Users/macncheese/.pico-sdk/toolchain/14_2_Rel1/bin/../lib/gcc/arm-none-eabi/14.2.1/../../../../arm-none-eabi/lib/thumb/v6-m/nofp/libnosys.a
END GROUP
LOAD /Users/macncheese/.pico-sdk/toolchain/14_2_Rel1/bin/../lib/gcc/arm-none-eabi/14.2.1/thumb/v6-m/nofp/crtend.o
LOAD /Users/macncheese/.pico-sdk/toolchain/14_2_Rel1/bin/../lib/gcc/arm-none-eabi/14.2.1/thumb/v6-m/nofp/crtn.o
OUTPUT(lab01.elf elf32-littlearm)
LOAD linker stubs

.ARM.attributes
                0x00000000       0x28
 .ARM.attributes
                0x00000000       0x1e /Users/macncheese/.pico-sdk/toolchain/14_2_Rel1/bin/../lib/gcc/arm-none-eabi/14.2.1/thumb/v6-m/nofp/crti.o
 .ARM.attributes
                0x0000001e       0x2c /Users/macncheese/.pico-sdk/toolchain/14_2_Rel1/bin/../lib/gcc/arm-none-eabi/14.2.1/thumb/v6-m/nofp/crtbegin.o
 .ARM.attributes
                0x0000004a       0x2c CMakeFiles/lab01.dir/lab01.c.o
 .ARM.attributes
                0x00000076       0x2c CMakeFiles/lab01.dir/Users/macncheese/.pico-sdk/sdk/2.1.1/src/rp2_common/hardware_gpio/gpio.c.o
 .ARM.attributes
                0x000000a2       0x2c CMakeFiles/lab01.dir/Users/macncheese/.pico-sdk/sdk/2.1.1/src/rp2_common/pico_platform_panic/panic.c.o
 .ARM.attributes
                0x000000ce       0x2c CMakeFiles/lab01.dir/Users/macncheese/.pico-sdk/sdk/2.1.1/src/common/hardware_claim/claim.c.o
 .ARM.attributes
                0x000000fa       0x2c CMakeFiles/lab01.dir/Users/macncheese/.pico-sdk/sdk/2.1.1/src/rp2_common/hardware_sync/sync.c.o
 .ARM.attributes
                0x00000126       0x2c CMakeFiles/lab01.dir/Users/macncheese/.pico-sdk/sdk/2.1.1/src/rp2_common/hardware_sync_spin_lock/sync_spin_lock.c.o
 .ARM.attributes
                0x00000152       0x2c CMakeFiles/lab01.dir/Users/macncheese/.pico-sdk/sdk/2.1.1/src/rp2_common/hardware_irq/irq.c.o
 .ARM.attributes
                0x0000017e       0x2c CMakeFiles/lab01.dir/Users/macncheese/.pico-sdk/sdk/2.1.1/src/common/pico_sync/lock_core.c.o
 .ARM.attributes
                0x000001aa       0x2c CMakeFiles/lab01.dir/Users/macncheese/.pico-sdk/sdk/2.1.1/src/common/pico_sync/mutex.c.o
 .ARM.attributes
                0x000001d6       0x2c CMakeFiles/lab01.dir/Users/macncheese/.pico-sdk/sdk/2.1.1/src/common/pico_time/time.c.o
 .ARM.attributes
                0x00000202       0x2c CMakeFiles/lab01.dir/Users/macncheese/.pico-sdk/sdk/2.1.1/src/rp2_common/hardware_timer/timer.c.o
 .ARM.attributes
                0x0000022e       0x2c CMakeFiles/lab01.dir/Users/macncheese/.pico-sdk/sdk/2.1.1/src/rp2_common/hardware_clocks/clocks.c.o
 .ARM.attributes
                0x0000025a       0x2c CMakeFiles/lab01.dir/Users/macncheese/.pico-sdk/sdk/2.1.1/src/rp2_common/hardware_pll/pll.c.o
 .ARM.attributes
                0x00000286       0x2c CMakeFiles/lab01.dir/Users/macncheese/.pico-sdk/sdk/2.1.1/src/rp2_common/hardware_ticks/ticks.c.o
 .ARM.attributes
                0x000002b2       0x2c CMakeFiles/lab01.dir/Users/macncheese/.pico-sdk/sdk/2.1.1/src/rp2_common/pico_bootrom/bootrom.c.o
 .ARM.attributes
                0x000002de       0x2c CMakeFiles/lab01.dir/Users/macncheese/.pico-sdk/sdk/2.1.1/src/rp2_common/hardware_xosc/xosc.c.o
 .ARM.attributes
                0x0000030a       0x2c CMakeFiles/lab01.dir/Users/macncheese/.pico-sdk/sdk/2.1.1/src/rp2_common/pico_runtime/runtime.c.o
 .ARM.attributes
                0x00000336       0x2c CMakeFiles/lab01.dir/Users/macncheese/.pico-sdk/sdk/2.1.1/src/rp2_common/pico_runtime_init/runtime_init.c.o
 .ARM.attributes
                0x00000362       0x2c CMakeFiles/lab01.dir/Users/macncheese/.pico-sdk/sdk/2.1.1/src/rp2_common/pico_runtime_init/runtime_init_clocks.c.o
 .ARM.attributes
                0x0000038e       0x22 CMakeFiles/lab01.dir/Users/macncheese/.pico-sdk/sdk/2.1.1/src/rp2_common/pico_bit_ops/bit_ops_aeabi.S.o
 .ARM.attributes
                0x000003b0       0x22 CMakeFiles/lab01.dir/Users/macncheese/.pico-sdk/sdk/2.1.1/src/rp2_common/pico_divider/divider_hardware.S.o
 .ARM.attributes
                0x000003d2       0x22 CMakeFiles/lab01.dir/Users/macncheese/.pico-sdk/sdk/2.1.1/src/rp2_common/pico_double/double_aeabi_rp2040.S.o
 .ARM.attributes
                0x000003f4       0x2c CMakeFiles/lab01.dir/Users/macncheese/.pico-sdk/sdk/2.1.1/src/rp2_common/pico_double/double_init_rom_rp2040.c.o
 .ARM.attributes
                0x00000420       0x22 CMakeFiles/lab01.dir/Users/macncheese/.pico-sdk/sdk/2.1.1/src/rp2_common/pico_double/double_v1_rom_shim_rp2040.S.o
 .ARM.attributes
                0x00000442       0x22 CMakeFiles/lab01.dir/Users/macncheese/.pico-sdk/sdk/2.1.1/src/rp2_common/pico_int64_ops/pico_int64_ops_aeabi.S.o
 .ARM.attributes
                0x00000464       0x22 CMakeFiles/lab01.dir/Users/macncheese/.pico-sdk/sdk/2.1.1/src/rp2_common/pico_float/float_aeabi_rp2040.S.o
 .ARM.attributes
                0x00000486       0x2c CMakeFiles/lab01.dir/Users/macncheese/.pico-sdk/sdk/2.1.1/src/rp2_common/pico_float/float_init_rom_rp2040.c.o
 .ARM.attributes
                0x000004b2       0x22 CMakeFiles/lab01.dir/Users/macncheese/.pico-sdk/sdk/2.1.1/src/rp2_common/pico_float/float_v1_rom_shim_rp2040.S.o
 .ARM.attributes
                0x000004d4       0x22 CMakeFiles/lab01.dir/Users/macncheese/.pico-sdk/sdk/2.1.1/src/rp2_common/pico_mem_ops/mem_ops_aeabi.S.o
 .ARM.attributes
                0x000004f6       0x2c CMakeFiles/lab01.dir/Users/macncheese/.pico-sdk/sdk/2.1.1/src/rp2_common/pico_standard_binary_info/standard_binary_info.c.o
 .ARM.attributes
                0x00000522       0x2c CMakeFiles/lab01.dir/Users/macncheese/.pico-sdk/sdk/2.1.1/src/rp2_common/pico_printf/printf.c.o
 .ARM.attributes
                0x0000054e       0x22 CMakeFiles/lab01.dir/Users/macncheese/.pico-sdk/sdk/2.1.1/src/rp2_common/pico_crt0/crt0.S.o
 .ARM.attributes
                0x00000570       0x2c CMakeFiles/lab01.dir/Users/macncheese/.pico-sdk/sdk/2.1.1/src/rp2_common/pico_clib_interface/newlib_interface.c.o
 .ARM.attributes
                0x0000059c       0x2c CMakeFiles/lab01.dir/Users/macncheese/.pico-sdk/sdk/2.1.1/src/rp2_common/pico_stdio/stdio.c.o
 .ARM.attributes
                0x000005c8       0x22 ../../pico-sdk/src/rp2040/boot_stage2/CMakeFiles/bs2_default_library.dir/bs2_default_padded_checksummed.S.o
 .ARM.attributes
                0x000005ea       0x1e /Users/macncheese/.pico-sdk/toolchain/14_2_Rel1/bin/../lib/gcc/arm-none-eabi/14.2.1/thumb/v6-m/nofp/libgcc.a(_dvmd_tls.o)
 .ARM.attributes
                0x00000608       0x2c /Users/macncheese/.pico-sdk/toolchain/14_2_Rel1/bin/../lib/gcc/arm-none-eabi/14.2.1/../../../../arm-none-eabi/lib/thumb/v6-m/nofp/libg.a(libc_a-strlen-stub.o)
 .ARM.attributes
                0x00000634       0x2c /Users/macncheese/.pico-sdk/toolchain/14_2_Rel1/bin/../lib/gcc/arm-none-eabi/14.2.1/thumb/v6-m/nofp/crtend.o

.comment        0x00000000       0x45
 .comment       0x00000000       0x45 CMakeFiles/lab01.dir/lab01.c.o
                                 0x46 (size before relaxing)
 .comment       0x00000045       0x46 CMakeFiles/lab01.dir/Users/macncheese/.pico-sdk/sdk/2.1.1/src/rp2_common/hardware_gpio/gpio.c.o
 .comment       0x00000045       0x46 CMakeFiles/lab01.dir/Users/macncheese/.pico-sdk/sdk/2.1.1/src/rp2_common/pico_platform_panic/panic.c.o
 .comment       0x00000045       0x46 CMakeFiles/lab01.dir/Users/macncheese/.pico-sdk/sdk/2.1.1/src/common/hardware_claim/claim.c.o
 .comment       0x00000045       0x46 CMakeFiles/lab01.dir/Users/macncheese/.pico-sdk/sdk/2.1.1/src/rp2_common/hardware_sync/sync.c.o
 .comment       0x00000045       0x46 CMakeFiles/lab01.dir/Users/macncheese/.pico-sdk/sdk/2.1.1/src/rp2_common/hardware_sync_spin_lock/sync_spin_lock.c.o
 .comment       0x00000045       0x46 CMakeFiles/lab01.dir/Users/macncheese/.pico-sdk/sdk/2.1.1/src/rp2_common/hardware_irq/irq.c.o
 .comment       0x00000045       0x46 CMakeFiles/lab01.dir/Users/macncheese/.pico-sdk/sdk/2.1.1/src/common/pico_sync/lock_core.c.o
 .comment       0x00000045       0x46 CMakeFiles/lab01.dir/Users/macncheese/.pico-sdk/sdk/2.1.1/src/common/pico_sync/mutex.c.o
 .comment       0x00000045       0x46 CMakeFiles/lab01.dir/Users/macncheese/.pico-sdk/sdk/2.1.1/src/common/pico_time/time.c.o
 .comment       0x00000045       0x46 CMakeFiles/lab01.dir/Users/macncheese/.pico-sdk/sdk/2.1.1/src/rp2_common/hardware_timer/timer.c.o
 .comment       0x00000045       0x46 CMakeFiles/lab01.dir/Users/macncheese/.pico-sdk/sdk/2.1.1/src/rp2_common/hardware_clocks/clocks.c.o
 .comment       0x00000045       0x46 CMakeFiles/lab01.dir/Users/macncheese/.pico-sdk/sdk/2.1.1/src/rp2_common/hardware_pll/pll.c.o
 .comment       0x00000045       0x46 CMakeFiles/lab01.dir/Users/macncheese/.pico-sdk/sdk/2.1.1/src/rp2_common/hardware_ticks/ticks.c.o
 .comment       0x00000045       0x46 CMakeFiles/lab01.dir/Users/macncheese/.pico-sdk/sdk/2.1.1/src/rp2_common/pico_bootrom/bootrom.c.o
 .comment       0x00000045       0x46 CMakeFiles/lab01.dir/Users/macncheese/.pico-sdk/sdk/2.1.1/src/rp2_common/hardware_xosc/xosc.c.o
 .comment       0x00000045       0x46 CMakeFiles/lab01.dir/Users/macncheese/.pico-sdk/sdk/2.1.1/src/rp2_common/pico_runtime/runtime.c.o
 .comment       0x00000045       0x46 CMakeFiles/lab01.dir/Users/macncheese/.pico-sdk/sdk/2.1.1/src/rp2_common/pico_runtime_init/runtime_init.c.o
 .comment       0x00000045       0x46 CMakeFiles/lab01.dir/Users/macncheese/.pico-sdk/sdk/2.1.1/src/rp2_common/pico_runtime_init/runtime_init_clocks.c.o
 .comment       0x00000045       0x46 CMakeFiles/lab01.dir/Users/macncheese/.pico-sdk/sdk/2.1.1/src/rp2_common/pico_double/double_init_rom_rp2040.c.o
 .comment       0x00000045       0x46 CMakeFiles/lab01.dir/Users/macncheese/.pico-sdk/sdk/2.1.1/src/rp2_common/pico_float/float_init_rom_rp2040.c.o
 .comment       0x00000045       0x46 CMakeFiles/lab01.dir/Users/macncheese/.pico-sdk/sdk/2.1.1/src/rp2_common/pico_standard_binary_info/standard_binary_info.c.o
 .comment       0x00000045       0x46 CMakeFiles/lab01.dir/Users/macncheese/.pico-sdk/sdk/2.1.1/src/rp2_common/pico_printf/printf.c.o
 .comment       0x00000045       0x46 CMakeFiles/lab01.dir/Users/macncheese/.pico-sdk/sdk/2.1.1/src/rp2_common/pico_clib_interface/newlib_interface.c.o
 .comment       0x00000045       0x46 CMakeFiles/lab01.dir/Users/macncheese/.pico-sdk/sdk/2.1.1/src/rp2_common/pico_stdio/stdio.c.o

.debug_info     0x00000000    0x13dc0
 .debug_info    0x00000000      0x65f CMakeFiles/lab01.dir/lab01.c.o
 .debug_info    0x0000065f     0x1d6d CMakeFiles/lab01.dir/Users/macncheese/.pico-sdk/sdk/2.1.1/src/rp2_common/hardware_gpio/gpio.c.o
 .debug_info    0x000023cc      0x1b4 CMakeFiles/lab01.dir/Users/macncheese/.pico-sdk/sdk/2.1.1/src/rp2_common/pico_platform_panic/panic.c.o
 .debug_info    0x00002580      0x6b9 CMakeFiles/lab01.dir/Users/macncheese/.pico-sdk/sdk/2.1.1/src/common/hardware_claim/claim.c.o
 .debug_info    0x00002c39      0x465 CMakeFiles/lab01.dir/Users/macncheese/.pico-sdk/sdk/2.1.1/src/rp2_common/hardware_sync/sync.c.o
 .debug_info    0x0000309e      0x2f7 CMakeFiles/lab01.dir/Users/macncheese/.pico-sdk/sdk/2.1.1/src/rp2_common/hardware_sync_spin_lock/sync_spin_lock.c.o
 .debug_info    0x00003395     0x2049 CMakeFiles/lab01.dir/Users/macncheese/.pico-sdk/sdk/2.1.1/src/rp2_common/hardware_irq/irq.c.o
 .debug_info    0x000053de      0x1af CMakeFiles/lab01.dir/Users/macncheese/.pico-sdk/sdk/2.1.1/src/common/pico_sync/lock_core.c.o
 .debug_info    0x0000558d     0x1e86 CMakeFiles/lab01.dir/Users/macncheese/.pico-sdk/sdk/2.1.1/src/common/pico_sync/mutex.c.o
 .debug_info    0x00007413     0x3508 CMakeFiles/lab01.dir/Users/macncheese/.pico-sdk/sdk/2.1.1/src/common/pico_time/time.c.o
 .debug_info    0x0000a91b     0x19d0 CMakeFiles/lab01.dir/Users/macncheese/.pico-sdk/sdk/2.1.1/src/rp2_common/hardware_timer/timer.c.o
 .debug_info    0x0000c2eb     0x1539 CMakeFiles/lab01.dir/Users/macncheese/.pico-sdk/sdk/2.1.1/src/rp2_common/hardware_clocks/clocks.c.o
 .debug_info    0x0000d824      0x64f CMakeFiles/lab01.dir/Users/macncheese/.pico-sdk/sdk/2.1.1/src/rp2_common/hardware_pll/pll.c.o
 .debug_info    0x0000de73      0x2b2 CMakeFiles/lab01.dir/Users/macncheese/.pico-sdk/sdk/2.1.1/src/rp2_common/hardware_ticks/ticks.c.o
 .debug_info    0x0000e125      0x491 CMakeFiles/lab01.dir/Users/macncheese/.pico-sdk/sdk/2.1.1/src/rp2_common/pico_bootrom/bootrom.c.o
 .debug_info    0x0000e5b6      0x1d0 CMakeFiles/lab01.dir/Users/macncheese/.pico-sdk/sdk/2.1.1/src/rp2_common/hardware_xosc/xosc.c.o
 .debug_info    0x0000e786      0x1bc CMakeFiles/lab01.dir/Users/macncheese/.pico-sdk/sdk/2.1.1/src/rp2_common/pico_runtime/runtime.c.o
 .debug_info    0x0000e942      0x7ad CMakeFiles/lab01.dir/Users/macncheese/.pico-sdk/sdk/2.1.1/src/rp2_common/pico_runtime_init/runtime_init.c.o
 .debug_info    0x0000f0ef      0x766 CMakeFiles/lab01.dir/Users/macncheese/.pico-sdk/sdk/2.1.1/src/rp2_common/pico_runtime_init/runtime_init_clocks.c.o
 .debug_info    0x0000f855       0x23 CMakeFiles/lab01.dir/Users/macncheese/.pico-sdk/sdk/2.1.1/src/rp2_common/pico_bit_ops/bit_ops_aeabi.S.o
 .debug_info    0x0000f878       0x23 CMakeFiles/lab01.dir/Users/macncheese/.pico-sdk/sdk/2.1.1/src/rp2_common/pico_divider/divider_hardware.S.o
 .debug_info    0x0000f89b       0x23 CMakeFiles/lab01.dir/Users/macncheese/.pico-sdk/sdk/2.1.1/src/rp2_common/pico_double/double_aeabi_rp2040.S.o
 .debug_info    0x0000f8be      0x347 CMakeFiles/lab01.dir/Users/macncheese/.pico-sdk/sdk/2.1.1/src/rp2_common/pico_double/double_init_rom_rp2040.c.o
 .debug_info    0x0000fc05       0x23 CMakeFiles/lab01.dir/Users/macncheese/.pico-sdk/sdk/2.1.1/src/rp2_common/pico_double/double_v1_rom_shim_rp2040.S.o
 .debug_info    0x0000fc28       0x24 CMakeFiles/lab01.dir/Users/macncheese/.pico-sdk/sdk/2.1.1/src/rp2_common/pico_int64_ops/pico_int64_ops_aeabi.S.o
 .debug_info    0x0000fc4c       0x23 CMakeFiles/lab01.dir/Users/macncheese/.pico-sdk/sdk/2.1.1/src/rp2_common/pico_float/float_aeabi_rp2040.S.o
 .debug_info    0x0000fc6f      0x348 CMakeFiles/lab01.dir/Users/macncheese/.pico-sdk/sdk/2.1.1/src/rp2_common/pico_float/float_init_rom_rp2040.c.o
 .debug_info    0x0000ffb7       0x23 CMakeFiles/lab01.dir/Users/macncheese/.pico-sdk/sdk/2.1.1/src/rp2_common/pico_float/float_v1_rom_shim_rp2040.S.o
 .debug_info    0x0000ffda       0x23 CMakeFiles/lab01.dir/Users/macncheese/.pico-sdk/sdk/2.1.1/src/rp2_common/pico_mem_ops/mem_ops_aeabi.S.o
 .debug_info    0x0000fffd      0x2e2 CMakeFiles/lab01.dir/Users/macncheese/.pico-sdk/sdk/2.1.1/src/rp2_common/pico_standard_binary_info/standard_binary_info.c.o
 .debug_info    0x000102df     0x19ed CMakeFiles/lab01.dir/Users/macncheese/.pico-sdk/sdk/2.1.1/src/rp2_common/pico_printf/printf.c.o
 .debug_info    0x00011ccc       0x23 CMakeFiles/lab01.dir/Users/macncheese/.pico-sdk/sdk/2.1.1/src/rp2_common/pico_crt0/crt0.S.o
 .debug_info    0x00011cef      0xbb8 CMakeFiles/lab01.dir/Users/macncheese/.pico-sdk/sdk/2.1.1/src/rp2_common/pico_clib_interface/newlib_interface.c.o
 .debug_info    0x000128a7     0x1519 CMakeFiles/lab01.dir/Users/macncheese/.pico-sdk/sdk/2.1.1/src/rp2_common/pico_stdio/stdio.c.o

.debug_abbrev   0x00000000     0x44ee
 .debug_abbrev  0x00000000      0x202 CMakeFiles/lab01.dir/lab01.c.o
 .debug_abbrev  0x00000202      0x450 CMakeFiles/lab01.dir/Users/macncheese/.pico-sdk/sdk/2.1.1/src/rp2_common/hardware_gpio/gpio.c.o
 .debug_abbrev  0x00000652      0x12d CMakeFiles/lab01.dir/Users/macncheese/.pico-sdk/sdk/2.1.1/src/rp2_common/pico_platform_panic/panic.c.o
 .debug_abbrev  0x0000077f      0x29f CMakeFiles/lab01.dir/Users/macncheese/.pico-sdk/sdk/2.1.1/src/common/hardware_claim/claim.c.o
 .debug_abbrev  0x00000a1e      0x1f4 CMakeFiles/lab01.dir/Users/macncheese/.pico-sdk/sdk/2.1.1/src/rp2_common/hardware_sync/sync.c.o
 .debug_abbrev  0x00000c12      0x1f0 CMakeFiles/lab01.dir/Users/macncheese/.pico-sdk/sdk/2.1.1/src/rp2_common/hardware_sync_spin_lock/sync_spin_lock.c.o
 .debug_abbrev  0x00000e02      0x5d1 CMakeFiles/lab01.dir/Users/macncheese/.pico-sdk/sdk/2.1.1/src/rp2_common/hardware_irq/irq.c.o
 .debug_abbrev  0x000013d3      0x116 CMakeFiles/lab01.dir/Users/macncheese/.pico-sdk/sdk/2.1.1/src/common/pico_sync/lock_core.c.o
 .debug_abbrev  0x000014e9      0x421 CMakeFiles/lab01.dir/Users/macncheese/.pico-sdk/sdk/2.1.1/src/common/pico_sync/mutex.c.o
 .debug_abbrev  0x0000190a      0x62f CMakeFiles/lab01.dir/Users/macncheese/.pico-sdk/sdk/2.1.1/src/common/pico_time/time.c.o
 .debug_abbrev  0x00001f39      0x467 CMakeFiles/lab01.dir/Users/macncheese/.pico-sdk/sdk/2.1.1/src/rp2_common/hardware_timer/timer.c.o
 .debug_abbrev  0x000023a0      0x44c CMakeFiles/lab01.dir/Users/macncheese/.pico-sdk/sdk/2.1.1/src/rp2_common/hardware_clocks/clocks.c.o
 .debug_abbrev  0x000027ec      0x20e CMakeFiles/lab01.dir/Users/macncheese/.pico-sdk/sdk/2.1.1/src/rp2_common/hardware_pll/pll.c.o
 .debug_abbrev  0x000029fa      0x152 CMakeFiles/lab01.dir/Users/macncheese/.pico-sdk/sdk/2.1.1/src/rp2_common/hardware_ticks/ticks.c.o
 .debug_abbrev  0x00002b4c      0x1a9 CMakeFiles/lab01.dir/Users/macncheese/.pico-sdk/sdk/2.1.1/src/rp2_common/pico_bootrom/bootrom.c.o
 .debug_abbrev  0x00002cf5      0x11d CMakeFiles/lab01.dir/Users/macncheese/.pico-sdk/sdk/2.1.1/src/rp2_common/hardware_xosc/xosc.c.o
 .debug_abbrev  0x00002e12      0x149 CMakeFiles/lab01.dir/Users/macncheese/.pico-sdk/sdk/2.1.1/src/rp2_common/pico_runtime/runtime.c.o
 .debug_abbrev  0x00002f5b      0x20f CMakeFiles/lab01.dir/Users/macncheese/.pico-sdk/sdk/2.1.1/src/rp2_common/pico_runtime_init/runtime_init.c.o
 .debug_abbrev  0x0000316a      0x2ce CMakeFiles/lab01.dir/Users/macncheese/.pico-sdk/sdk/2.1.1/src/rp2_common/pico_runtime_init/runtime_init_clocks.c.o
 .debug_abbrev  0x00003438       0x12 CMakeFiles/lab01.dir/Users/macncheese/.pico-sdk/sdk/2.1.1/src/rp2_common/pico_bit_ops/bit_ops_aeabi.S.o
 .debug_abbrev  0x0000344a       0x12 CMakeFiles/lab01.dir/Users/macncheese/.pico-sdk/sdk/2.1.1/src/rp2_common/pico_divider/divider_hardware.S.o
 .debug_abbrev  0x0000345c       0x12 CMakeFiles/lab01.dir/Users/macncheese/.pico-sdk/sdk/2.1.1/src/rp2_common/pico_double/double_aeabi_rp2040.S.o
 .debug_abbrev  0x0000346e      0x1ab CMakeFiles/lab01.dir/Users/macncheese/.pico-sdk/sdk/2.1.1/src/rp2_common/pico_double/double_init_rom_rp2040.c.o
 .debug_abbrev  0x00003619       0x12 CMakeFiles/lab01.dir/Users/macncheese/.pico-sdk/sdk/2.1.1/src/rp2_common/pico_double/double_v1_rom_shim_rp2040.S.o
 .debug_abbrev  0x0000362b       0x14 CMakeFiles/lab01.dir/Users/macncheese/.pico-sdk/sdk/2.1.1/src/rp2_common/pico_int64_ops/pico_int64_ops_aeabi.S.o
 .debug_abbrev  0x0000363f       0x12 CMakeFiles/lab01.dir/Users/macncheese/.pico-sdk/sdk/2.1.1/src/rp2_common/pico_float/float_aeabi_rp2040.S.o
 .debug_abbrev  0x00003651      0x1ae CMakeFiles/lab01.dir/Users/macncheese/.pico-sdk/sdk/2.1.1/src/rp2_common/pico_float/float_init_rom_rp2040.c.o
 .debug_abbrev  0x000037ff       0x12 CMakeFiles/lab01.dir/Users/macncheese/.pico-sdk/sdk/2.1.1/src/rp2_common/pico_float/float_v1_rom_shim_rp2040.S.o
 .debug_abbrev  0x00003811       0x12 CMakeFiles/lab01.dir/Users/macncheese/.pico-sdk/sdk/2.1.1/src/rp2_common/pico_mem_ops/mem_ops_aeabi.S.o
 .debug_abbrev  0x00003823       0xb8 CMakeFiles/lab01.dir/Users/macncheese/.pico-sdk/sdk/2.1.1/src/rp2_common/pico_standard_binary_info/standard_binary_info.c.o
 .debug_abbrev  0x000038db      0x382 CMakeFiles/lab01.dir/Users/macncheese/.pico-sdk/sdk/2.1.1/src/rp2_common/pico_printf/printf.c.o
 .debug_abbrev  0x00003c5d       0x12 CMakeFiles/lab01.dir/Users/macncheese/.pico-sdk/sdk/2.1.1/src/rp2_common/pico_crt0/crt0.S.o
 .debug_abbrev  0x00003c6f      0x35f CMakeFiles/lab01.dir/Users/macncheese/.pico-sdk/sdk/2.1.1/src/rp2_common/pico_clib_interface/newlib_interface.c.o
 .debug_abbrev  0x00003fce      0x520 CMakeFiles/lab01.dir/Users/macncheese/.pico-sdk/sdk/2.1.1/src/rp2_common/pico_stdio/stdio.c.o

.debug_loclists
                0x00000000     0x847f
 .debug_loclists
                0x00000000       0xe4 CMakeFiles/lab01.dir/lab01.c.o
 .debug_loclists
                0x000000e4      0xf16 CMakeFiles/lab01.dir/Users/macncheese/.pico-sdk/sdk/2.1.1/src/rp2_common/hardware_gpio/gpio.c.o
 .debug_loclists
                0x00000ffa      0x2af CMakeFiles/lab01.dir/Users/macncheese/.pico-sdk/sdk/2.1.1/src/common/hardware_claim/claim.c.o
 .debug_loclists
                0x000012a9       0xe6 CMakeFiles/lab01.dir/Users/macncheese/.pico-sdk/sdk/2.1.1/src/rp2_common/hardware_sync/sync.c.o
 .debug_loclists
                0x0000138f       0xa8 CMakeFiles/lab01.dir/Users/macncheese/.pico-sdk/sdk/2.1.1/src/rp2_common/hardware_sync_spin_lock/sync_spin_lock.c.o
 .debug_loclists
                0x00001437      0xe09 CMakeFiles/lab01.dir/Users/macncheese/.pico-sdk/sdk/2.1.1/src/rp2_common/hardware_irq/irq.c.o
 .debug_loclists
                0x00002240       0x50 CMakeFiles/lab01.dir/Users/macncheese/.pico-sdk/sdk/2.1.1/src/common/pico_sync/lock_core.c.o
 .debug_loclists
                0x00002290      0xaec CMakeFiles/lab01.dir/Users/macncheese/.pico-sdk/sdk/2.1.1/src/common/pico_sync/mutex.c.o
 .debug_loclists
                0x00002d7c     0x17ac CMakeFiles/lab01.dir/Users/macncheese/.pico-sdk/sdk/2.1.1/src/common/pico_time/time.c.o
 .debug_loclists
                0x00004528      0x97a CMakeFiles/lab01.dir/Users/macncheese/.pico-sdk/sdk/2.1.1/src/rp2_common/hardware_timer/timer.c.o
 .debug_loclists
                0x00004ea2      0x9fb CMakeFiles/lab01.dir/Users/macncheese/.pico-sdk/sdk/2.1.1/src/rp2_common/hardware_clocks/clocks.c.o
 .debug_loclists
                0x0000589d      0x23b CMakeFiles/lab01.dir/Users/macncheese/.pico-sdk/sdk/2.1.1/src/rp2_common/hardware_pll/pll.c.o
 .debug_loclists
                0x00005ad8       0x47 CMakeFiles/lab01.dir/Users/macncheese/.pico-sdk/sdk/2.1.1/src/rp2_common/hardware_ticks/ticks.c.o
 .debug_loclists
                0x00005b1f      0x214 CMakeFiles/lab01.dir/Users/macncheese/.pico-sdk/sdk/2.1.1/src/rp2_common/pico_bootrom/bootrom.c.o
 .debug_loclists
                0x00005d33       0x48 CMakeFiles/lab01.dir/Users/macncheese/.pico-sdk/sdk/2.1.1/src/rp2_common/hardware_xosc/xosc.c.o
 .debug_loclists
                0x00005d7b       0x58 CMakeFiles/lab01.dir/Users/macncheese/.pico-sdk/sdk/2.1.1/src/rp2_common/pico_runtime/runtime.c.o
 .debug_loclists
                0x00005dd3       0xba CMakeFiles/lab01.dir/Users/macncheese/.pico-sdk/sdk/2.1.1/src/rp2_common/pico_runtime_init/runtime_init.c.o
 .debug_loclists
                0x00005e8d       0x84 CMakeFiles/lab01.dir/Users/macncheese/.pico-sdk/sdk/2.1.1/src/rp2_common/pico_runtime_init/runtime_init_clocks.c.o
 .debug_loclists
                0x00005f11       0x60 CMakeFiles/lab01.dir/Users/macncheese/.pico-sdk/sdk/2.1.1/src/rp2_common/pico_double/double_init_rom_rp2040.c.o
 .debug_loclists
                0x00005f71       0x4f CMakeFiles/lab01.dir/Users/macncheese/.pico-sdk/sdk/2.1.1/src/rp2_common/pico_float/float_init_rom_rp2040.c.o
 .debug_loclists
                0x00005fc0     0x18b1 CMakeFiles/lab01.dir/Users/macncheese/.pico-sdk/sdk/2.1.1/src/rp2_common/pico_printf/printf.c.o
 .debug_loclists
                0x00007871      0x417 CMakeFiles/lab01.dir/Users/macncheese/.pico-sdk/sdk/2.1.1/src/rp2_common/pico_clib_interface/newlib_interface.c.o
 .debug_loclists
                0x00007c88      0x7f7 CMakeFiles/lab01.dir/Users/macncheese/.pico-sdk/sdk/2.1.1/src/rp2_common/pico_stdio/stdio.c.o

.debug_aranges  0x00000000      0xf08
 .debug_aranges
                0x00000000       0x28 CMakeFiles/lab01.dir/lab01.c.o
 .debug_aranges
                0x00000028      0x128 CMakeFiles/lab01.dir/Users/macncheese/.pico-sdk/sdk/2.1.1/src/rp2_common/hardware_gpio/gpio.c.o
 .debug_aranges
                0x00000150       0x28 CMakeFiles/lab01.dir/Users/macncheese/.pico-sdk/sdk/2.1.1/src/rp2_common/pico_platform_panic/panic.c.o
 .debug_aranges
                0x00000178       0x48 CMakeFiles/lab01.dir/Users/macncheese/.pico-sdk/sdk/2.1.1/src/common/hardware_claim/claim.c.o
 .debug_aranges
                0x000001c0       0x48 CMakeFiles/lab01.dir/Users/macncheese/.pico-sdk/sdk/2.1.1/src/rp2_common/hardware_sync/sync.c.o
 .debug_aranges
                0x00000208       0x28 CMakeFiles/lab01.dir/Users/macncheese/.pico-sdk/sdk/2.1.1/src/rp2_common/hardware_sync_spin_lock/sync_spin_lock.c.o
 .debug_aranges
                0x00000230       0xe8 CMakeFiles/lab01.dir/Users/macncheese/.pico-sdk/sdk/2.1.1/src/rp2_common/hardware_irq/irq.c.o
 .debug_aranges
                0x00000318       0x20 CMakeFiles/lab01.dir/Users/macncheese/.pico-sdk/sdk/2.1.1/src/common/pico_sync/lock_core.c.o
 .debug_aranges
                0x00000338       0x98 CMakeFiles/lab01.dir/Users/macncheese/.pico-sdk/sdk/2.1.1/src/common/pico_sync/mutex.c.o
 .debug_aranges
                0x000003d0      0x118 CMakeFiles/lab01.dir/Users/macncheese/.pico-sdk/sdk/2.1.1/src/common/pico_time/time.c.o
 .debug_aranges
                0x000004e8       0xf0 CMakeFiles/lab01.dir/Users/macncheese/.pico-sdk/sdk/2.1.1/src/rp2_common/hardware_timer/timer.c.o
 .debug_aranges
                0x000005d8       0xa0 CMakeFiles/lab01.dir/Users/macncheese/.pico-sdk/sdk/2.1.1/src/rp2_common/hardware_clocks/clocks.c.o
 .debug_aranges
                0x00000678       0x28 CMakeFiles/lab01.dir/Users/macncheese/.pico-sdk/sdk/2.1.1/src/rp2_common/hardware_pll/pll.c.o
 .debug_aranges
                0x000006a0       0x30 CMakeFiles/lab01.dir/Users/macncheese/.pico-sdk/sdk/2.1.1/src/rp2_common/hardware_ticks/ticks.c.o
 .debug_aranges
                0x000006d0       0x40 CMakeFiles/lab01.dir/Users/macncheese/.pico-sdk/sdk/2.1.1/src/rp2_common/pico_bootrom/bootrom.c.o
 .debug_aranges
                0x00000710       0x30 CMakeFiles/lab01.dir/Users/macncheese/.pico-sdk/sdk/2.1.1/src/rp2_common/hardware_xosc/xosc.c.o
 .debug_aranges
                0x00000740       0x40 CMakeFiles/lab01.dir/Users/macncheese/.pico-sdk/sdk/2.1.1/src/rp2_common/pico_runtime/runtime.c.o
 .debug_aranges
                0x00000780       0x48 CMakeFiles/lab01.dir/Users/macncheese/.pico-sdk/sdk/2.1.1/src/rp2_common/pico_runtime_init/runtime_init.c.o
 .debug_aranges
                0x000007c8       0x28 CMakeFiles/lab01.dir/Users/macncheese/.pico-sdk/sdk/2.1.1/src/rp2_common/pico_runtime_init/runtime_init_clocks.c.o
 .debug_aranges
                0x000007f0       0x60 CMakeFiles/lab01.dir/Users/macncheese/.pico-sdk/sdk/2.1.1/src/rp2_common/pico_bit_ops/bit_ops_aeabi.S.o
 .debug_aranges
                0x00000850       0x40 CMakeFiles/lab01.dir/Users/macncheese/.pico-sdk/sdk/2.1.1/src/rp2_common/pico_divider/divider_hardware.S.o
 .debug_aranges
                0x00000890      0x150 CMakeFiles/lab01.dir/Users/macncheese/.pico-sdk/sdk/2.1.1/src/rp2_common/pico_double/double_aeabi_rp2040.S.o
 .debug_aranges
                0x000009e0       0x20 CMakeFiles/lab01.dir/Users/macncheese/.pico-sdk/sdk/2.1.1/src/rp2_common/pico_double/double_init_rom_rp2040.c.o
 .debug_aranges
                0x00000a00       0xc8 CMakeFiles/lab01.dir/Users/macncheese/.pico-sdk/sdk/2.1.1/src/rp2_common/pico_double/double_v1_rom_shim_rp2040.S.o
 .debug_aranges
                0x00000ac8       0x20 CMakeFiles/lab01.dir/Users/macncheese/.pico-sdk/sdk/2.1.1/src/rp2_common/pico_int64_ops/pico_int64_ops_aeabi.S.o
 .debug_aranges
                0x00000ae8      0x138 CMakeFiles/lab01.dir/Users/macncheese/.pico-sdk/sdk/2.1.1/src/rp2_common/pico_float/float_aeabi_rp2040.S.o
 .debug_aranges
                0x00000c20       0x20 CMakeFiles/lab01.dir/Users/macncheese/.pico-sdk/sdk/2.1.1/src/rp2_common/pico_float/float_init_rom_rp2040.c.o
 .debug_aranges
                0x00000c40       0x50 CMakeFiles/lab01.dir/Users/macncheese/.pico-sdk/sdk/2.1.1/src/rp2_common/pico_float/float_v1_rom_shim_rp2040.S.o
 .debug_aranges
                0x00000c90       0x38 CMakeFiles/lab01.dir/Users/macncheese/.pico-sdk/sdk/2.1.1/src/rp2_common/pico_mem_ops/mem_ops_aeabi.S.o
 .debug_aranges
                0x00000cc8       0x18 CMakeFiles/lab01.dir/Users/macncheese/.pico-sdk/sdk/2.1.1/src/rp2_common/pico_standard_binary_info/standard_binary_info.c.o
 .debug_aranges
                0x00000ce0       0x90 CMakeFiles/lab01.dir/Users/macncheese/.pico-sdk/sdk/2.1.1/src/rp2_common/pico_printf/printf.c.o
 .debug_aranges
                0x00000d70       0x28 CMakeFiles/lab01.dir/Users/macncheese/.pico-sdk/sdk/2.1.1/src/rp2_common/pico_crt0/crt0.S.o
 .debug_aranges
                0x00000d98       0xa0 CMakeFiles/lab01.dir/Users/macncheese/.pico-sdk/sdk/2.1.1/src/rp2_common/pico_clib_interface/newlib_interface.c.o
 .debug_aranges
                0x00000e38       0xd0 CMakeFiles/lab01.dir/Users/macncheese/.pico-sdk/sdk/2.1.1/src/rp2_common/pico_stdio/stdio.c.o

.debug_rnglists
                0x00000000      0xe62
 .debug_rnglists
                0x00000000       0x19 CMakeFiles/lab01.dir/lab01.c.o
 .debug_rnglists
                0x00000019      0x10a CMakeFiles/lab01.dir/Users/macncheese/.pico-sdk/sdk/2.1.1/src/rp2_common/hardware_gpio/gpio.c.o
 .debug_rnglists
                0x00000123       0x19 CMakeFiles/lab01.dir/Users/macncheese/.pico-sdk/sdk/2.1.1/src/rp2_common/pico_platform_panic/panic.c.o
 .debug_rnglists
                0x0000013c       0x31 CMakeFiles/lab01.dir/Users/macncheese/.pico-sdk/sdk/2.1.1/src/common/hardware_claim/claim.c.o
 .debug_rnglists
                0x0000016d       0x31 CMakeFiles/lab01.dir/Users/macncheese/.pico-sdk/sdk/2.1.1/src/rp2_common/hardware_sync/sync.c.o
 .debug_rnglists
                0x0000019e       0x19 CMakeFiles/lab01.dir/Users/macncheese/.pico-sdk/sdk/2.1.1/src/rp2_common/hardware_sync_spin_lock/sync_spin_lock.c.o
 .debug_rnglists
                0x000001b7      0x10e CMakeFiles/lab01.dir/Users/macncheese/.pico-sdk/sdk/2.1.1/src/rp2_common/hardware_irq/irq.c.o
 .debug_rnglists
                0x000002c5       0x13 CMakeFiles/lab01.dir/Users/macncheese/.pico-sdk/sdk/2.1.1/src/common/pico_sync/lock_core.c.o
 .debug_rnglists
                0x000002d8      0x135 CMakeFiles/lab01.dir/Users/macncheese/.pico-sdk/sdk/2.1.1/src/common/pico_sync/mutex.c.o
 .debug_rnglists
                0x0000040d      0x1c9 CMakeFiles/lab01.dir/Users/macncheese/.pico-sdk/sdk/2.1.1/src/common/pico_time/time.c.o
 .debug_rnglists